Archive member included because of file (symbol)

c:/program files (x86)/gnu tools arm embedded/4.8 2014q3/bin/../lib/gcc/arm-none-eabi/4.8.4/../../../../arm-none-eabi/lib/armv7e-m/fpu\libc.a(lib_a-init.o)
                              ..\obj\startup_stm32f4xx.o (__libc_init_array)
c:/program files (x86)/gnu tools arm embedded/4.8 2014q3/bin/../lib/gcc/arm-none-eabi/4.8.4/../../../../arm-none-eabi/lib/armv7e-m/fpu\libc.a(lib_a-memcpy.o)
                              ..\obj\mp3dec.o (memcpy)
c:/program files (x86)/gnu tools arm embedded/4.8 2014q3/bin/../lib/gcc/arm-none-eabi/4.8.4/../../../../arm-none-eabi/lib/armv7e-m/fpu\libc.a(lib_a-memmove.o)
                              ..\obj\mp3dec.o (memmove)
c:/program files (x86)/gnu tools arm embedded/4.8 2014q3/bin/../lib/gcc/arm-none-eabi/4.8.4/../../../../arm-none-eabi/lib/armv7e-m/fpu\libc.a(lib_a-memset.o)
                              ..\obj\mp3dec.o (memset)
c:/program files (x86)/gnu tools arm embedded/4.8 2014q3/bin/../lib/gcc/arm-none-eabi/4.8.4/../../../../arm-none-eabi/lib/armv7e-m/fpu\libc.a(lib_a-printf.o)
                              ..\obj\main.o (printf)
c:/program files (x86)/gnu tools arm embedded/4.8 2014q3/bin/../lib/gcc/arm-none-eabi/4.8.4/../../../../arm-none-eabi/lib/armv7e-m/fpu\libc.a(lib_a-puts.o)
                              ..\obj\main.o (puts)
c:/program files (x86)/gnu tools arm embedded/4.8 2014q3/bin/../lib/gcc/arm-none-eabi/4.8.4/../../../../arm-none-eabi/lib/armv7e-m/fpu\libc.a(lib_a-sprintf.o)
                              ..\obj\main.o (sprintf)
c:/program files (x86)/gnu tools arm embedded/4.8 2014q3/bin/../lib/gcc/arm-none-eabi/4.8.4/../../../../arm-none-eabi/lib/armv7e-m/fpu\libc.a(lib_a-strcmp.o)
                              ..\obj\main.o (strcmp)
c:/program files (x86)/gnu tools arm embedded/4.8 2014q3/bin/../lib/gcc/arm-none-eabi/4.8.4/../../../../arm-none-eabi/lib/armv7e-m/fpu\libc.a(lib_a-strlen.o)
                              c:/program files (x86)/gnu tools arm embedded/4.8 2014q3/bin/../lib/gcc/arm-none-eabi/4.8.4/../../../../arm-none-eabi/lib/armv7e-m/fpu\libc.a(lib_a-puts.o) (strlen)
c:/program files (x86)/gnu tools arm embedded/4.8 2014q3/bin/../lib/gcc/arm-none-eabi/4.8.4/../../../../arm-none-eabi/lib/armv7e-m/fpu\libc.a(lib_a-strncmp.o)
                              ..\obj\main.o (strncmp)
c:/program files (x86)/gnu tools arm embedded/4.8 2014q3/bin/../lib/gcc/arm-none-eabi/4.8.4/../../../../arm-none-eabi/lib/armv7e-m/fpu\libc.a(lib_a-strrchr.o)
                              ..\obj\main.o (strrchr)
c:/program files (x86)/gnu tools arm embedded/4.8 2014q3/bin/../lib/gcc/arm-none-eabi/4.8.4/../../../../arm-none-eabi/lib/armv7e-m/fpu\libc.a(lib_a-svfprintf.o)
                              c:/program files (x86)/gnu tools arm embedded/4.8 2014q3/bin/../lib/gcc/arm-none-eabi/4.8.4/../../../../arm-none-eabi/lib/armv7e-m/fpu\libc.a(lib_a-sprintf.o) (_svfprintf_r)
c:/program files (x86)/gnu tools arm embedded/4.8 2014q3/bin/../lib/gcc/arm-none-eabi/4.8.4/../../../../arm-none-eabi/lib/armv7e-m/fpu\libc.a(lib_a-vfprintf.o)
                              c:/program files (x86)/gnu tools arm embedded/4.8 2014q3/bin/../lib/gcc/arm-none-eabi/4.8.4/../../../../arm-none-eabi/lib/armv7e-m/fpu\libc.a(lib_a-printf.o) (_vfprintf_r)
c:/program files (x86)/gnu tools arm embedded/4.8 2014q3/bin/../lib/gcc/arm-none-eabi/4.8.4/../../../../arm-none-eabi/lib/armv7e-m/fpu\libc.a(lib_a-wsetup.o)
                              c:/program files (x86)/gnu tools arm embedded/4.8 2014q3/bin/../lib/gcc/arm-none-eabi/4.8.4/../../../../arm-none-eabi/lib/armv7e-m/fpu\libc.a(lib_a-vfprintf.o) (__swsetup_r)
c:/program files (x86)/gnu tools arm embedded/4.8 2014q3/bin/../lib/gcc/arm-none-eabi/4.8.4/../../../../arm-none-eabi/lib/armv7e-m/fpu\libc.a(lib_a-dtoa.o)
                              c:/program files (x86)/gnu tools arm embedded/4.8 2014q3/bin/../lib/gcc/arm-none-eabi/4.8.4/../../../../arm-none-eabi/lib/armv7e-m/fpu\libc.a(lib_a-svfprintf.o) (_dtoa_r)
c:/program files (x86)/gnu tools arm embedded/4.8 2014q3/bin/../lib/gcc/arm-none-eabi/4.8.4/../../../../arm-none-eabi/lib/armv7e-m/fpu\libc.a(lib_a-fflush.o)
                              c:/program files (x86)/gnu tools arm embedded/4.8 2014q3/bin/../lib/gcc/arm-none-eabi/4.8.4/../../../../arm-none-eabi/lib/armv7e-m/fpu\libc.a(lib_a-vfprintf.o) (_fflush_r)
c:/program files (x86)/gnu tools arm embedded/4.8 2014q3/bin/../lib/gcc/arm-none-eabi/4.8.4/../../../../arm-none-eabi/lib/armv7e-m/fpu\libc.a(lib_a-findfp.o)
                              c:/program files (x86)/gnu tools arm embedded/4.8 2014q3/bin/../lib/gcc/arm-none-eabi/4.8.4/../../../../arm-none-eabi/lib/armv7e-m/fpu\libc.a(lib_a-vfprintf.o) (__sinit)
c:/program files (x86)/gnu tools arm embedded/4.8 2014q3/bin/../lib/gcc/arm-none-eabi/4.8.4/../../../../arm-none-eabi/lib/armv7e-m/fpu\libc.a(lib_a-freer.o)
[...]
Memory Configuration

Name             Origin             Length             Attributes
FLASH            0x08000000         0x00100000         xr
RAM              0x20000000         0x00020000         xrw
CCM              0x10000000         0x00010000         xrw
*default*        0x00000000         0xffffffff

Linker script and memory map

                0x20020000                _estack = 0x20020000
                0x00000000                _Min_Heap_Size = 0x0
                0x00000400                _Min_Stack_Size = 0x400

.isr_vector     0x08000000      0x188
                0x08000000                . = ALIGN (0x4)
 *(.isr_vector)
 .isr_vector    0x08000000      0x188 ..\obj\startup_stm32f4xx.o
                0x08000000                g_pfnVectors
                0x08000188                . = ALIGN (0x4)

.text           0x08000188    0x187a4
                0x08000188                . = ALIGN (0x4)
 *(.text)
 .text          0x08000188      0x134 c:/program files (x86)/gnu tools arm embedded/4.8 2014q3/bin/../lib/gcc/arm-none-eabi/4.8.4/../../../../arm-none-eabi/lib/armv7e-m/fpu\libc.a(lib_a-memcpy.o)
                0x08000188                memcpy
 .text          0x080002bc      0x21c c:/program files (x86)/gnu tools arm embedded/4.8 2014q3/bin/../lib/gcc/arm-none-eabi/4.8.4/../../../../arm-none-eabi/lib/armv7e-m/fpu\libc.a(lib_a-strcmp.o)
                0x080002bc                strcmp
 .text          0x080004d8      0x370 c:/program files (x86)/gnu tools arm embedded/4.8 2014q3/bin/../lib/gcc/arm-none-eabi/4.8.4/armv7e-m/fpu\libgcc.a(_arm_addsubdf3.o)
                0x080004d8                __aeabi_drsub
                0x080004e0                __aeabi_dsub
                0x080004e0                __subdf3
                0x080004e4                __aeabi_dadd
                0x080004e4                __adddf3
                0x0800075c                __floatunsidf
                0x0800075c                __aeabi_ui2d
                0x0800077c                __floatsidf
                0x0800077c                __aeabi_i2d
                0x080007a0                __aeabi_f2d
                0x080007a0                __extendsfdf2
                0x080007dc                __floatundidf
                0x080007dc                __aeabi_ul2d
                0x080007ec                __floatdidf
                0x080007ec                __aeabi_l2d
 .text          0x08000848      0x424 c:/program files (x86)/gnu tools arm embedded/4.8 2014q3/bin/../lib/gcc/arm-none-eabi/4.8.4/armv7e-m/fpu\libgcc.a(_arm_muldivdf3.o)
                0x08000848                __aeabi_dmul
                0x08000848                __muldf3
                0x08000a9c                __divdf3
                0x08000a9c                __aeabi_ddiv
 .text          0x08000c6c      0x110 c:/program files (x86)/gnu tools arm embedded/4.8 2014q3/bin/../lib/gcc/arm-none-eabi/4.8.4/armv7e-m/fpu\libgcc.a(_arm_cmpdf2.o)
                0x08000c6c                __gtdf2
                0x08000c6c                __gedf2
                0x08000c74                __ltdf2
                0x08000c74                __ledf2
                0x08000c7c                __nedf2
                0x08000c7c                __eqdf2
                0x08000c7c                __cmpdf2
                0x08000cf8                __aeabi_cdrcmple
                0x08000d08                __aeabi_cdcmpeq
                0x08000d08                __aeabi_cdcmple
                0x08000d18                __aeabi_dcmpeq
                0x08000d2c                __aeabi_dcmplt
                0x08000d40                __aeabi_dcmple
                0x08000d54                __aeabi_dcmpge
                0x08000d68                __aeabi_dcmpgt
 .text          0x08000d7c       0x50 c:/program files (x86)/gnu tools arm embedded/4.8 2014q3/bin/../lib/gcc/arm-none-eabi/4.8.4/armv7e-m/fpu\libgcc.a(_arm_fixdfsi.o)
                0x08000d7c                __aeabi_d2iz
                0x08000d7c                __fixdfsi
 .text          0x08000dcc       0x2c c:/program files (x86)/gnu tools arm embedded/4.8 2014q3/bin/../lib/gcc/arm-none-eabi/4.8.4/armv7e-m/fpu\libgcc.a(_aeabi_uldivmod.o)
                0x08000dcc                __aeabi_uldivmod
 .text          0x08000df8       0x60 c:/program files (x86)/gnu tools arm embedded/4.8 2014q3/bin/../lib/gcc/arm-none-eabi/4.8.4/armv7e-m/fpu\libgcc.a(bpabi.o)
                0x08000df8                __gnu_ldivmod_helper
                0x08000e28                __gnu_uldivmod_helper
 .text          0x08000e58        0x4 c:/program files (x86)/gnu tools arm embedded/4.8 2014q3/bin/../lib/gcc/arm-none-eabi/4.8.4/armv7e-m/fpu\libgcc.a(_dvmd_tls.o)
                0x08000e58                __aeabi_idiv0
                0x08000e58                __aeabi_ldiv0
 .text          0x08000e5c      0x298 c:/program files (x86)/gnu tools arm embedded/4.8 2014q3/bin/../lib/gcc/arm-none-eabi/4.8.4/armv7e-m/fpu\libgcc.a(_divdi3.o)
                0x08000e5c                __divdi3
 .text          0x080010f4      0x284 c:/program files (x86)/gnu tools arm embedded/4.8 2014q3/bin/../lib/gcc/arm-none-eabi/4.8.4/armv7e-m/fpu\libgcc.a(_udivdi3.o)
                0x080010f4                __udivdi3
 *(.text*)
 .text.USB_OTG_WritePacket
                0x08001378       0x28 ..\obj\usb_core.o
                0x08001378                USB_OTG_WritePacket
 .text.USB_OTG_ReadPacket
                0x080013a0       0x28 ..\obj\usb_core.o
                0x080013a0                USB_OTG_ReadPacket
 .text.USB_OTG_SelectCore
                0x080013c8      0x348 ..\obj\usb_core.o
                0x080013c8                USB_OTG_SelectCore
 .text.USB_OTG_CoreInit
                0x08001710      0x190 ..\obj\usb_core.o
                0x08001710                USB_OTG_CoreInit
 .text.USB_OTG_EnableGlobalInt
                0x080018a0       0x10 ..\obj\usb_core.o
                0x080018a0                USB_OTG_EnableGlobalInt
 .text.USB_OTG_DisableGlobalInt
                0x080018b0       0x10 ..\obj\usb_core.o
                0x080018b0                USB_OTG_DisableGlobalInt
 .text.USB_OTG_SetCurrentMode
                0x080018c0       0x2c ..\obj\usb_core.o
                0x080018c0                USB_OTG_SetCurrentMode
 .text.USB_OTG_IsHostMode
                0x080018ec        0xc ..\obj\usb_core.o
                0x080018ec                USB_OTG_IsHostMode
 .text.USB_OTG_ReadCoreItr
                0x080018f8        0xc ..\obj\usb_core.o
                0x080018f8                USB_OTG_ReadCoreItr
 .text.USB_OTG_CoreInitHost
                0x08001904      0x1fc ..\obj\usb_core.o
                0x08001904                USB_OTG_CoreInitHost
 .text.USB_OTG_InitFSLSPClkSel
                0x08001b00        0xc ..\obj\usb_core.o
                0x08001b00                USB_OTG_InitFSLSPClkSel
 .text.USB_OTG_ReadHostAllChannels_intr
                0x08001b0c        0x8 ..\obj\usb_core.o
                0x08001b0c                USB_OTG_ReadHostAllChannels_intr
 .text.USB_OTG_ResetPort
                0x08001b14       0x3c ..\obj\usb_core.o
                0x08001b14                USB_OTG_ResetPort
 .text.USB_OTG_HC_Init
                0x08001b50       0xe4 ..\obj\usb_core.o
                0x08001b50                USB_OTG_HC_Init
 .text.USB_OTG_HC_StartXfer
                0x08001c34      0x134 ..\obj\usb_core.o
                0x08001c34                USB_OTG_HC_StartXfer
 .text.USB_OTG_HC_Halt
                0x08001d68       0x38 ..\obj\usb_core.o
                0x08001d68                USB_OTG_HC_Halt
 .text.USB_OTG_HC_DoPing
                0x08001da0       0x24 ..\obj\usb_core.o
                0x08001da0                USB_OTG_HC_DoPing
 .text.DequantBlock
                0x08001dc4      0x18c ..\obj\dqchan.o
 .text.xmp3fixpt_DequantChannel
                0x08001f50      0x240 ..\obj\dqchan.o
                0x08001f50                xmp3fixpt_DequantChannel
 .text.xmp3fixpt_UnpackScaleFactors
                0x08002190      0x738 ..\obj\scalfact.o
                0x08002190                xmp3fixpt_UnpackScaleFactors
 .text.xmp3fixpt_GetBits.constprop.7
                0x080028c8       0xc4 ..\obj\bitstream.o
 .text.xmp3fixpt_GetBits.constprop.4
                0x0800298c       0xc4 ..\obj\bitstream.o
 .text.xmp3fixpt_GetBits.constprop.6
                0x08002a50       0xc4 ..\obj\bitstream.o
 .text.xmp3fixpt_SetBitstreamPointer
                0x08002b14        0xc ..\obj\bitstream.o
                0x08002b14                xmp3fixpt_SetBitstreamPointer
 .text.xmp3fixpt_GetBits
                0x08002b20       0xd0 ..\obj\bitstream.o
                0x08002b20                xmp3fixpt_GetBits
 .text.xmp3fixpt_CalcBitsUsed
                0x08002bf0       0x14 ..\obj\bitstream.o
                0x08002bf0                xmp3fixpt_CalcBitsUsed
 .text.xmp3fixpt_CheckPadBit
                0x08002c04       0x18 ..\obj\bitstream.o
                0x08002c04                xmp3fixpt_CheckPadBit
 .text.xmp3fixpt_UnpackFrameHeader
                0x08002c1c      0x1e0 ..\obj\bitstream.o
                0x08002c1c                xmp3fixpt_UnpackFrameHeader
 .text.xmp3fixpt_UnpackSideInfo
                0x08002dfc      0xb0c ..\obj\bitstream.o
                0x08002dfc                xmp3fixpt_UnpackSideInfo
 .text.xmp3fixpt_Dequantize
                0x08003908      0x26c ..\obj\dequant.o
                0x08003908                xmp3fixpt_Dequantize
 .text.WinPrevious
                0x08003b74      0x1b4 ..\obj\imdct.o
 .text.FreqInvertRescale
                0x08003d28      0x18c ..\obj\imdct.o
 .text.xmp3fixpt_IMDCT
                0x08003eb4     0x1158 ..\obj\imdct.o
                0x08003eb4                xmp3fixpt_IMDCT
 .text.USBH_Open_Channel
                0x0800500c       0x58 ..\obj\usbh_hcs.o
                0x0800500c                USBH_Open_Channel
 .text.USBH_Modify_Channel
                0x08005064       0x3c ..\obj\usbh_hcs.o
                0x08005064                USBH_Modify_Channel
 .text.USBH_Alloc_Channel
                0x080050a0       0x88 ..\obj\usbh_hcs.o
                0x080050a0                USBH_Alloc_Channel
 .text.USBH_Free_Channel
                0x08005128       0x18 ..\obj\usbh_hcs.o
                0x08005128                USBH_Free_Channel
 .text.USBH_DeAllocate_AllChannel
                0x08005140       0x38 ..\obj\usbh_hcs.o
                0x08005140                USBH_DeAllocate_AllChannel
 .text.USART_SendData
                0x08005178        0x8 ..\obj\stm32f4xx_usart.o
                0x08005178                USART_SendData
 .text.USART_GetFlagStatus
                0x08005180        0xc ..\obj\stm32f4xx_usart.o
                0x08005180                USART_GetFlagStatus
 .text.USBH_Get_DevDesc
                0x0800518c       0xbc ..\obj\usbh_stdreq.o
                0x0800518c                USBH_Get_DevDesc
 .text.USBH_Get_CfgDesc
                0x08005248      0x128 ..\obj\usbh_stdreq.o
                0x08005248                USBH_Get_CfgDesc
 .text.USBH_Get_StringDesc
                0x08005370       0x74 ..\obj\usbh_stdreq.o
                0x08005370                USBH_Get_StringDesc
 .text.USBH_SetAddress
                0x080053e4       0x1c ..\obj\usbh_stdreq.o
                0x080053e4                USBH_SetAddress
 .text.USBH_SetCfg
                0x08005400       0x1c ..\obj\usbh_stdreq.o
                0x08005400                USBH_SetCfg
 .text.USBH_ClrFeature
                0x0800541c       0x30 ..\obj\usbh_stdreq.o
                0x0800541c                USBH_ClrFeature
 .text.xmp3fixpt_Subband
                0x0800544c      0x100 ..\obj\subband.o
                0x0800544c                xmp3fixpt_Subband
 .text.Reset_Handler
                0x0800554c       0x50 ..\obj\startup_stm32f4xx.o
                0x0800554c                Reset_Handler
 .text.Default_Handler
                0x0800559c        0x4 ..\obj\startup_stm32f4xx.o
                0x0800559c                RTC_Alarm_IRQHandler
                0x0800559c                HASH_RNG_IRQHandler
                0x0800559c                EXTI2_IRQHandler
                0x0800559c                TIM8_CC_IRQHandler
                0x0800559c                TIM1_CC_IRQHandler
                0x0800559c                DMA2_Stream5_IRQHandler
                0x0800559c                DMA1_Stream5_IRQHandler
                0x0800559c                PVD_IRQHandler
                0x0800559c                SDIO_IRQHandler
                0x0800559c                TAMP_STAMP_IRQHandler
                0x0800559c                CAN2_RX1_IRQHandler
                0x0800559c                EXTI3_IRQHandler
                0x0800559c                TIM8_TRG_COM_TIM14_IRQHandler
                0x0800559c                TIM1_UP_TIM10_IRQHandler
                0x0800559c                TIM8_UP_TIM13_IRQHandler
                0x0800559c                I2C3_ER_IRQHandler
                0x0800559c                I2C2_EV_IRQHandler
                0x0800559c                DMA1_Stream2_IRQHandler
                0x0800559c                CAN1_RX0_IRQHandler
                0x0800559c                FPU_IRQHandler
                0x0800559c                OTG_HS_WKUP_IRQHandler
                0x0800559c                CAN2_SCE_IRQHandler
                0x0800559c                DMA2_Stream2_IRQHandler
                0x0800559c                SPI1_IRQHandler
                0x0800559c                TIM6_DAC_IRQHandler
                0x0800559c                TIM1_BRK_TIM9_IRQHandler
                0x0800559c                DCMI_IRQHandler
                0x0800559c                CAN2_RX0_IRQHandler
                0x0800559c                DMA2_Stream3_IRQHandler
                0x0800559c                USART6_IRQHandler
                0x0800559c                USART3_IRQHandler
                0x0800559c                CRYP_IRQHandler
                0x0800559c                CAN1_RX1_IRQHandler
                0x0800559c                UART5_IRQHandler
                0x0800559c                DMA2_Stream0_IRQHandler
                0x0800559c                TIM4_IRQHandler
                0x0800559c                I2C1_EV_IRQHandler
                0x0800559c                DMA1_Stream6_IRQHandler
                0x0800559c                DMA1_Stream1_IRQHandler
                0x0800559c                UART4_IRQHandler
                0x0800559c                TIM3_IRQHandler
                0x0800559c                RCC_IRQHandler
                0x0800559c                TIM8_BRK_TIM12_IRQHandler
                0x0800559c                Default_Handler
                0x0800559c                EXTI15_10_IRQHandler
                0x0800559c                ADC_IRQHandler
                0x0800559c                TIM7_IRQHandler
                0x0800559c                CAN2_TX_IRQHandler
                0x0800559c                TIM5_IRQHandler
                0x0800559c                DMA2_Stream7_IRQHandler
                0x0800559c                I2C3_EV_IRQHandler
                0x0800559c                EXTI9_5_IRQHandler
                0x0800559c                RTC_WKUP_IRQHandler
                0x0800559c                ETH_WKUP_IRQHandler
                0x0800559c                SPI2_IRQHandler
                0x0800559c                OTG_HS_EP1_IN_IRQHandler
                0x0800559c                DMA1_Stream0_IRQHandler
                0x0800559c                CAN1_TX_IRQHandler
                0x0800559c                EXTI4_IRQHandler
                0x0800559c                FSMC_IRQHandler
                0x0800559c                ETH_IRQHandler
                0x0800559c                OTG_HS_EP1_OUT_IRQHandler
                0x0800559c                WWDG_IRQHandler
                0x0800559c                OTG_FS_WKUP_IRQHandler
                0x0800559c                TIM1_TRG_COM_TIM11_IRQHandler
                0x0800559c                OTG_HS_IRQHandler
                0x0800559c                USART2_IRQHandler
                0x0800559c                I2C2_ER_IRQHandler
                0x0800559c                DMA2_Stream1_IRQHandler
                0x0800559c                CAN1_SCE_IRQHandler
                0x0800559c                FLASH_IRQHandler
                0x0800559c                DMA2_Stream4_IRQHandler
                0x0800559c                USART1_IRQHandler
                0x0800559c                SPI3_IRQHandler
                0x0800559c                DMA1_Stream4_IRQHandler
                0x0800559c                I2C1_ER_IRQHandler
                0x0800559c                DMA2_Stream6_IRQHandler
                0x0800559c                DMA1_Stream3_IRQHandler
 .text.MP3InitDecoder
                0x080055a0        0x4 ..\obj\mp3dec.o
                0x080055a0                MP3InitDecoder
 .text.MP3FindSyncWord
                0x080055a4       0x2c ..\obj\mp3dec.o
                0x080055a4                MP3FindSyncWord
 .text.MP3GetLastFrameInfo
                0x080055d0       0x5c ..\obj\mp3dec.o
                0x080055d0                MP3GetLastFrameInfo
 .text.MP3Decode
                0x0800562c      0x4a8 ..\obj\mp3dec.o
                0x0800562c                MP3Decode
 .text.AudioCallback
                0x08005ad4       0xe0 ..\obj\main.o
 .text.Mp3ReadId3V2Text.constprop.2
                0x08005bb4       0xb0 ..\obj\main.o
 .text.play_directory.constprop.0
                0x08005c64      0x374 ..\obj\main.o
 .text.startup.main
                0x08005fd8       0xb8 ..\obj\main.o
                0x08005fd8                main
 .text.TimingDelay_Decrement
                0x08006090       0x20 ..\obj\main.o
                0x08006090                TimingDelay_Decrement
 .text._init    0x080060b0        0x4 ..\obj\main.o
                0x080060b0                _init
 .text.RCC_GetClocksFreq
                0x080060b4       0x90 ..\obj\stm32f4xx_rcc.o
                0x080060b4                RCC_GetClocksFreq
 .text.RCC_AHB1PeriphClockCmd
                0x08006144       0x18 ..\obj\stm32f4xx_rcc.o
                0x08006144                RCC_AHB1PeriphClockCmd
 .text.RCC_AHB2PeriphClockCmd
                0x0800615c       0x18 ..\obj\stm32f4xx_rcc.o
                0x0800615c                RCC_AHB2PeriphClockCmd
 .text.RCC_APB1PeriphClockCmd
                0x08006174       0x18 ..\obj\stm32f4xx_rcc.o
                0x08006174                RCC_APB1PeriphClockCmd
 .text.RCC_APB2PeriphClockCmd
                0x0800618c       0x18 ..\obj\stm32f4xx_rcc.o
                0x0800618c                RCC_APB2PeriphClockCmd
 .text.RCC_APB1PeriphResetCmd
                0x080061a4       0x18 ..\obj\stm32f4xx_rcc.o
                0x080061a4                RCC_APB1PeriphResetCmd
 .text.NMI_Handler
                0x080061bc        0x4 ..\obj\stm32f4xx_it.o
                0x080061bc                NMI_Handler
 .text.HardFault_Handler
                0x080061c0        0x4 ..\obj\stm32f4xx_it.o
                0x080061c0                HardFault_Handler
 .text.MemManage_Handler
                0x080061c4        0x4 ..\obj\stm32f4xx_it.o
                0x080061c4                MemManage_Handler
 .text.BusFault_Handler
                0x080061c8        0x4 ..\obj\stm32f4xx_it.o
                0x080061c8                BusFault_Handler
 .text.UsageFault_Handler
                0x080061cc        0x4 ..\obj\stm32f4xx_it.o
                0x080061cc                UsageFault_Handler
 .text.SVC_Handler
                0x080061d0        0x4 ..\obj\stm32f4xx_it.o
                0x080061d0                SVC_Handler
 .text.DebugMon_Handler
                0x080061d4        0x4 ..\obj\stm32f4xx_it.o
                0x080061d4                DebugMon_Handler
 .text.PendSV_Handler
                0x080061d8        0x4 ..\obj\stm32f4xx_it.o
                0x080061d8                PendSV_Handler
 .text.SysTick_Handler
                0x080061dc        0x4 ..\obj\stm32f4xx_it.o
                0x080061dc                SysTick_Handler
 .text.EXTI1_IRQHandler
                0x080061e0        0x8 ..\obj\stm32f4xx_it.o
                0x080061e0                EXTI1_IRQHandler
 .text.EXTI0_IRQHandler
                0x080061e8        0x8 ..\obj\stm32f4xx_it.o
                0x080061e8                EXTI0_IRQHandler
 .text.TIM2_IRQHandler
                0x080061f0        0x4 ..\obj\stm32f4xx_it.o
                0x080061f0                TIM2_IRQHandler
 .text.OTG_FS_IRQHandler
                0x080061f4        0xc ..\obj\stm32f4xx_it.o
                0x080061f4                OTG_FS_IRQHandler
 .text.USBH_MSC_ClassRequest
                0x08006200        0xc ..\obj\usbh_msc_core.o
 .text.USBH_MSC_InterfaceDeInit
                0x0800620c       0x3c ..\obj\usbh_msc_core.o
 .text.USBH_MSC_InterfaceInit
                0x08006248       0xa0 ..\obj\usbh_msc_core.o
 .text.USBH_MSC_Handle
                0x080062e8      0x194 ..\obj\usbh_msc_core.o
 .text.USBH_Connect
                0x0800647c       0x14 ..\obj\usbh_core.o
                0x0800647c                USBH_Connect
 .text.USBH_Disconnect
                0x08006490       0x14 ..\obj\usbh_core.o
                0x08006490                USBH_Disconnect
 .text.USBH_Init
                0x080064a4       0x74 ..\obj\usbh_core.o
                0x080064a4                USBH_Init
 .text.USBH_HandleControl
                0x08006518      0x1d4 ..\obj\usbh_core.o
                0x08006518                USBH_HandleControl
 .text.USBH_Process
                0x080066ec      0x3d8 ..\obj\usbh_core.o
                0x080066ec                USBH_Process
 .text.GPIO_Init
                0x08006ac4       0xbc ..\obj\stm32f4xx_gpio.o
                0x08006ac4                GPIO_Init
 .text.GPIO_SetBits
                0x08006b80        0x4 ..\obj\stm32f4xx_gpio.o
                0x08006b80                GPIO_SetBits
 .text.GPIO_ResetBits
                0x08006b84        0x4 ..\obj\stm32f4xx_gpio.o
                0x08006b84                GPIO_ResetBits
 .text.GPIO_PinAFConfig
                0x08006b88       0x28 ..\obj\stm32f4xx_gpio.o
                0x08006b88                GPIO_PinAFConfig
 .text.USBH_MSC_TestUnitReady
                0x08006bb0       0x70 ..\obj\usbh_msc_scsi.o
                0x08006bb0                USBH_MSC_TestUnitReady
 .text.USBH_MSC_ReadCapacity10
                0x08006c20       0xb8 ..\obj\usbh_msc_scsi.o
                0x08006c20                USBH_MSC_ReadCapacity10
 .text.USBH_MSC_ModeSense6
                0x08006cd8       0xa4 ..\obj\usbh_msc_scsi.o
                0x08006cd8                USBH_MSC_ModeSense6
 .text.USBH_MSC_RequestSense
                0x08006d7c       0xb0 ..\obj\usbh_msc_scsi.o
                0x08006d7c                USBH_MSC_RequestSense
 .text.USBH_MSC_Write10
                0x08006e2c       0xa8 ..\obj\usbh_msc_scsi.o
                0x08006e2c                USBH_MSC_Write10
 .text.USBH_MSC_Read10
                0x08006ed4       0xe0 ..\obj\usbh_msc_scsi.o
                0x08006ed4                USBH_MSC_Read10
 .text.SystemInit
                0x08006fb4      0x100 ..\obj\system_stm32f4xx.o
                0x08006fb4                SystemInit
 .text._close   0x080070b4        0x4 ..\obj\syscalls.o
                0x080070b4                _close
 .text._fstat   0x080070b8        0x4 ..\obj\syscalls.o
                0x080070b8                _fstat
 .text._isatty  0x080070bc        0x4 ..\obj\syscalls.o
                0x080070bc                _isatty
 .text._lseek   0x080070c0        0x4 ..\obj\syscalls.o
                0x080070c0                _lseek
 .text._read    0x080070c4        0x4 ..\obj\syscalls.o
                0x080070c4                _read
 .text._sbrk_r  0x080070c8       0x24 ..\obj\syscalls.o
                0x080070c8                _sbrk_r
 .text._write   0x080070ec       0x2c ..\obj\syscalls.o
                0x080070ec                _write
 .text.USBH_USR_Init
                0x08007118        0x4 ..\obj\usbh_usr.o
                0x08007118                USBH_USR_Init
 .text.USBH_USR_UnrecoveredError
                0x0800711c        0x4 ..\obj\usbh_usr.o
                0x0800711c                USBH_USR_UnrecoveredError
 .text.USBH_USR_ResetDevice
                0x08007120        0x4 ..\obj\usbh_usr.o
                0x08007120                USBH_USR_ResetDevice
 .text.USBH_USR_DeviceSpeedDetected
                0x08007124        0x4 ..\obj\usbh_usr.o
                0x08007124                USBH_USR_DeviceSpeedDetected
 .text.USBH_USR_Device_DescAvailable
                0x08007128        0x4 ..\obj\usbh_usr.o
                0x08007128                USBH_USR_Device_DescAvailable
 .text.USBH_USR_DeviceAddressAssigned
                0x0800712c        0x4 ..\obj\usbh_usr.o
                0x0800712c                USBH_USR_DeviceAddressAssigned
 .text.USBH_USR_Configuration_DescAvailable
                0x08007130        0x4 ..\obj\usbh_usr.o
                0x08007130                USBH_USR_Configuration_DescAvailable
 .text.USBH_USR_Manufacturer_String
                0x08007134        0x4 ..\obj\usbh_usr.o
                0x08007134                USBH_USR_Manufacturer_String
 .text.USBH_USR_Product_String
                0x08007138        0x4 ..\obj\usbh_usr.o
                0x08007138                USBH_USR_Product_String
 .text.USBH_USR_SerialNum_String
                0x0800713c        0x4 ..\obj\usbh_usr.o
                0x0800713c                USBH_USR_SerialNum_String
 .text.USBH_USR_DeviceNotSupported
                0x08007140        0x4 ..\obj\usbh_usr.o
                0x08007140                USBH_USR_DeviceNotSupported
 .text.USBH_USR_UserInput
                0x08007144        0x4 ..\obj\usbh_usr.o
                0x08007144                USBH_USR_UserInput
 .text.USBH_USR_OverCurrentDetected
                0x08007148        0x4 ..\obj\usbh_usr.o
                0x08007148                USBH_USR_OverCurrentDetected
 .text.USBH_USR_DeInit
                0x0800714c        0x4 ..\obj\usbh_usr.o
                0x0800714c                USBH_USR_DeInit
 .text.USBH_USR_DeviceAttached
                0x08007150       0x10 ..\obj\usbh_usr.o
                0x08007150                USBH_USR_DeviceAttached
 .text.USBH_USR_DeviceDisconnected
                0x08007160       0x28 ..\obj\usbh_usr.o
                0x08007160                USBH_USR_DeviceDisconnected
 .text.USBH_USR_MSC_Application
                0x08007188       0x38 ..\obj\usbh_usr.o
                0x08007188                USBH_USR_MSC_Application
 .text.USBH_USR_EnumerationDone
                0x080071c0       0x38 ..\obj\usbh_usr.o
                0x080071c0                USBH_USR_EnumerationDone
 .text.ff_convert
                0x080071f8       0x4c ..\obj\ccsbcs.o
                0x080071f8                ff_convert
 .text.ff_wtoupper
                0x08007244       0x30 ..\obj\ccsbcs.o
                0x08007244                ff_wtoupper
 .text.USB_OTG_BSP_Init
                0x08007274       0xc4 ..\obj\usb_bsp.o
                0x08007274                USB_OTG_BSP_Init
 .text.USB_OTG_BSP_EnableInterrupt
                0x08007338       0x44 ..\obj\usb_bsp.o
                0x08007338                USB_OTG_BSP_EnableInterrupt
 .text.USB_OTG_BSP_DriveVBUS
                0x0800737c       0x14 ..\obj\usb_bsp.o
                0x0800737c                USB_OTG_BSP_DriveVBUS
 .text.USB_OTG_BSP_ConfigVBUS
                0x08007390       0xb4 ..\obj\usb_bsp.o
                0x08007390                USB_OTG_BSP_ConfigVBUS
 .text.USB_OTG_BSP_uDelay
                0x08007444       0x80 ..\obj\usb_bsp.o
                0x08007444                USB_OTG_BSP_uDelay
 .text.USB_OTG_BSP_mDelay
                0x080074c4       0x80 ..\obj\usb_bsp.o
                0x080074c4                USB_OTG_BSP_mDelay
 .text.USB_OTG_BSP_TimerIRQ
                0x08007544       0x38 ..\obj\usb_bsp.o
                0x08007544                USB_OTG_BSP_TimerIRQ
 .text.xmp3fixpt_MidSideProc
                0x0800757c       0x6c ..\obj\stproc.o
                0x0800757c                xmp3fixpt_MidSideProc
 .text.xmp3fixpt_IntensityProcMPEG1
                0x080075e8      0x33c ..\obj\stproc.o
                0x080075e8                xmp3fixpt_IntensityProcMPEG1
 .text.xmp3fixpt_IntensityProcMPEG2
                0x08007924      0x300 ..\obj\stproc.o
                0x08007924                xmp3fixpt_IntensityProcMPEG2
 .text.xmp3fixpt_DecodeHuffman
                0x08007c24      0x748 ..\obj\huffman.o
                0x08007c24                xmp3fixpt_DecodeHuffman
 .text.xmp3fixpt_AllocateBuffers
                0x0800836c       0xcc ..\obj\buffers.o
                0x0800836c                xmp3fixpt_AllocateBuffers
 .text.move_window
                0x08008438       0x7c ..\obj\ff.o
 .text.get_fileinfo
                0x080084b4      0x2b8 ..\obj\ff.o
 .text.check_fs
                0x0800876c       0x88 ..\obj\ff.o
 .text.sync     0x080087f4      0x10c ..\obj\ff.o
 .text.put_fat.part.4
                0x08008900      0x2f0 ..\obj\ff.o
 .text.remove_chain.part.5
                0x08008bf0      0x30c ..\obj\ff.o
 .text.get_fat.part.3
                0x08008efc      0x2c4 ..\obj\ff.o
 .text.create_chain
                0x080091c0      0x3a4 ..\obj\ff.o
 .text.dir_seek
                0x08009564       0xc4 ..\obj\ff.o
 .text.dir_next
                0x08009628      0x144 ..\obj\ff.o
 .text.dir_read
                0x0800976c      0x2b0 ..\obj\ff.o
 .text.dir_find.part.6
                0x08009a1c      0x340 ..\obj\ff.o
 .text.dir_register
                0x08009d5c      0x5ac ..\obj\ff.o
 .text.follow_path
                0x0800a308      0x2e0 ..\obj\ff.o
 .text.f_mount  0x0800a5e8       0x20 ..\obj\ff.o
                0x0800a5e8                f_mount
 .text.f_open   0x0800a608      0x4dc ..\obj\ff.o
                0x0800a608                f_open
 .text.f_read   0x0800aae4      0x2f0 ..\obj\ff.o
                0x0800aae4                f_read
 .text.f_close  0x0800add4      0x134 ..\obj\ff.o
                0x0800add4                f_close
 .text.f_lseek  0x0800af08      0x1b8 ..\obj\ff.o
                0x0800af08                f_lseek
 .text.f_opendir
                0x0800b0c0      0x324 ..\obj\ff.o
                0x0800b0c0                f_opendir
 .text.f_readdir
                0x0800b3e4       0x74 ..\obj\ff.o
                0x0800b3e4                f_readdir
 .text.HCD_Init
                0x0800b458       0xec ..\obj\usb_hcd.o
                0x0800b458                HCD_Init
 .text.HCD_GetCurrentSpeed
                0x0800b544        0xc ..\obj\usb_hcd.o
                0x0800b544                HCD_GetCurrentSpeed
 .text.HCD_ResetPort
                0x0800b550        0xc ..\obj\usb_hcd.o
                0x0800b550                HCD_ResetPort
 .text.HCD_IsDeviceConnected
                0x0800b55c        0x8 ..\obj\usb_hcd.o
                0x0800b55c                HCD_IsDeviceConnected
 .text.HCD_GetCurrentFrame
                0x0800b564        0x8 ..\obj\usb_hcd.o
                0x0800b564                HCD_GetCurrentFrame
 .text.HCD_GetURB_State
                0x0800b56c        0x8 ..\obj\usb_hcd.o
                0x0800b56c                HCD_GetURB_State
 .text.HCD_GetXferCnt
                0x0800b574        0x8 ..\obj\usb_hcd.o
                0x0800b574                HCD_GetXferCnt
 .text.HCD_SubmitRequest
                0x0800b57c       0x1c ..\obj\usb_hcd.o
                0x0800b57c                HCD_SubmitRequest
 .text.USBH_MSC_Init
                0x0800b598       0x40 ..\obj\usbh_msc_bot.o
                0x0800b598                USBH_MSC_Init
 .text.USBH_MSC_HandleBOTXfer
                0x0800b5d8      0x2f8 ..\obj\usbh_msc_bot.o
                0x0800b5d8                USBH_MSC_HandleBOTXfer
 .text.disk_initialize
                0x0800b8d0       0x20 ..\obj\usbh_msc_fatfs.o
                0x0800b8d0                disk_initialize
 .text.disk_status
                0x0800b8f0       0x14 ..\obj\usbh_msc_fatfs.o
                0x0800b8f0                disk_status
 .text.disk_read
                0x0800b904       0x70 ..\obj\usbh_msc_fatfs.o
                0x0800b904                disk_read
 .text.disk_write
                0x0800b974       0x78 ..\obj\usbh_msc_fatfs.o
                0x0800b974                disk_write
 .text.disk_ioctl
                0x0800b9ec       0x44 ..\obj\usbh_msc_fatfs.o
                0x0800b9ec                disk_ioctl
 .text.xmp3fixpt_FDCT32
                0x0800ba30      0xaa8 ..\obj\dct32.o
                0x0800ba30                xmp3fixpt_FDCT32
 .text.EXTI_ClearITPendingBit
                0x0800c4d8        0xc ..\obj\stm32f4xx_exti.o
                0x0800c4d8                EXTI_ClearITPendingBit
 .text.USBH_CtlReq
                0x0800c4e4       0x54 ..\obj\usbh_ioreq.o
                0x0800c4e4                USBH_CtlReq
 .text.USBH_CtlSendSetup
                0x0800c538       0x28 ..\obj\usbh_ioreq.o
                0x0800c538                USBH_CtlSendSetup
 .text.USBH_CtlSendData
                0x0800c560       0x48 ..\obj\usbh_ioreq.o
                0x0800c560                USBH_CtlSendData
 .text.USBH_CtlReceiveData
                0x0800c5a8       0x28 ..\obj\usbh_ioreq.o
                0x0800c5a8                USBH_CtlReceiveData
 .text.USBH_BulkSendData
                0x0800c5d0       0x30 ..\obj\usbh_ioreq.o
                0x0800c5d0                USBH_BulkSendData
 .text.USBH_BulkReceiveData
                0x0800c600       0x30 ..\obj\usbh_ioreq.o
                0x0800c600                USBH_BulkReceiveData
 .text.NVIC_PriorityGroupConfig
                0x0800c630       0x14 ..\obj\misc.o
                0x0800c630                NVIC_PriorityGroupConfig
 .text.NVIC_Init
                0x0800c644       0x78 ..\obj\misc.o
                0x0800c644                NVIC_Init
 .text.NVIC_SetVectorTable
                0x0800c6bc       0x14 ..\obj\misc.o
                0x0800c6bc                NVIC_SetVectorTable
 .text.InitializeAudio
                0x0800c6d0      0x5dc ..\obj\Audio.o
                0x0800c6d0                InitializeAudio
 .text.SetAudioVolume
                0x0800ccac       0xa4 ..\obj\Audio.o
                0x0800ccac                SetAudioVolume
 .text.PlayAudioWithCallback
                0x0800cd50       0x54 ..\obj\Audio.o
                0x0800cd50                PlayAudioWithCallback
 .text.StopAudio
                0x0800cda4       0x48 ..\obj\Audio.o
                0x0800cda4                StopAudio
 .text.ProvideAudioBuffer
                0x0800cdec       0x88 ..\obj\Audio.o
                0x0800cdec                ProvideAudioBuffer
 .text.DMA1_Stream7_IRQHandler
                0x0800ce74       0x64 ..\obj\Audio.o
                0x0800ce74                DMA1_Stream7_IRQHandler
 .text.xmp3fixpt_PolyphaseMono
                0x0800ced8      0x404 ..\obj\polyphase.o
                0x0800ced8                xmp3fixpt_PolyphaseMono
 .text.xmp3fixpt_PolyphaseStereo
                0x0800d2dc      0x7e8 ..\obj\polyphase.o
                0x0800d2dc                xmp3fixpt_PolyphaseStereo
 .text.get_fattime
                0x0800dac4        0x4 ..\obj\fattime.o
                0x0800dac4                get_fattime
 .text.TIM_TimeBaseInit
                0x0800dac8       0x9c ..\obj\stm32f4xx_tim.o
                0x0800dac8                TIM_TimeBaseInit
 .text.TIM_ARRPreloadConfig
                0x0800db64       0x1c ..\obj\stm32f4xx_tim.o
                0x0800db64                TIM_ARRPreloadConfig
 .text.TIM_Cmd  0x0800db80       0x1c ..\obj\stm32f4xx_tim.o
                0x0800db80                TIM_Cmd
 .text.TIM_ITConfig
                0x0800db9c       0x14 ..\obj\stm32f4xx_tim.o
                0x0800db9c                TIM_ITConfig
 .text.TIM_GetITStatus
                0x0800dbb0       0x18 ..\obj\stm32f4xx_tim.o
                0x0800dbb0                TIM_GetITStatus
 .text.TIM_ClearITPendingBit
                0x0800dbc8        0x8 ..\obj\stm32f4xx_tim.o
                0x0800dbc8                TIM_ClearITPendingBit
 .text.USB_OTG_USBH_handle_sof_ISR
                0x0800dbd0       0x2c ..\obj\usb_hcd_int.o
 .text.USB_OTG_USBH_handle_Disconnect_ISR
                0x0800dbfc       0x3c ..\obj\usb_hcd_int.o
 .text.USB_OTG_USBH_handle_nptxfempty_ISR
                0x0800dc38      0x180 ..\obj\usb_hcd_int.o
 .text.USB_OTG_USBH_handle_ptxfempty_ISR
                0x0800ddb8      0x180 ..\obj\usb_hcd_int.o
 .text.USB_OTG_USBH_handle_port_ISR
                0x0800df38      0x164 ..\obj\usb_hcd_int.o
 .text.USB_OTG_USBH_handle_hc_n_Out_ISR
                0x0800e09c      0x4ec ..\obj\usb_hcd_int.o
 .text.USB_OTG_USBH_handle_hc_n_In_ISR
                0x0800e588      0x5a4 ..\obj\usb_hcd_int.o
 .text.USB_OTG_USBH_handle_hc_ISR
                0x0800eb2c       0x8c ..\obj\usb_hcd_int.o
 .text.USB_OTG_USBH_handle_rx_qlvl_ISR
                0x0800ebb8      0x194 ..\obj\usb_hcd_int.o
 .text.USB_OTG_USBH_handle_IncompletePeriodicXfer_ISR
                0x0800ed4c       0x50 ..\obj\usb_hcd_int.o
 .text.USBH_OTG_ISR_Handler
                0x0800ed9c      0x10c ..\obj\usb_hcd_int.o
                0x0800ed9c                USBH_OTG_ISR_Handler
 .text.__libc_init_array
                0x0800eea8       0x50 c:/program files (x86)/gnu tools arm embedded/4.8 2014q3/bin/../lib/gcc/arm-none-eabi/4.8.4/../../../../arm-none-eabi/lib/armv7e-m/fpu\libc.a(lib_a-init.o)
                0x0800eea8                __libc_init_array
 .text.memmove  0x0800eef8       0xc0 c:/program files (x86)/gnu tools arm embedded/4.8 2014q3/bin/../lib/gcc/arm-none-eabi/4.8.4/../../../../arm-none-eabi/lib/armv7e-m/fpu\libc.a(lib_a-memmove.o)
                0x0800eef8                memmove
 .text.memset   0x0800efb8       0x94 c:/program files (x86)/gnu tools arm embedded/4.8 2014q3/bin/../lib/gcc/arm-none-eabi/4.8.4/../../../../arm-none-eabi/lib/armv7e-m/fpu\libc.a(lib_a-memset.o)
                0x0800efb8                memset
 .text.printf   0x0800f04c       0x28 c:/program files (x86)/gnu tools arm embedded/4.8 2014q3/bin/../lib/gcc/arm-none-eabi/4.8.4/../../../../arm-none-eabi/lib/armv7e-m/fpu\libc.a(lib_a-printf.o)
                0x0800f04c                printf
 .text._puts_r  0x0800f074       0x5c c:/program files (x86)/gnu tools arm embedded/4.8 2014q3/bin/../lib/gcc/arm-none-eabi/4.8.4/../../../../arm-none-eabi/lib/armv7e-m/fpu\libc.a(lib_a-puts.o)
                0x0800f074                _puts_r
 .text.puts     0x0800f0d0       0x10 c:/program files (x86)/gnu tools arm embedded/4.8 2014q3/bin/../lib/gcc/arm-none-eabi/4.8.4/../../../../arm-none-eabi/lib/armv7e-m/fpu\libc.a(lib_a-puts.o)
                0x0800f0d0                puts
 .text.sprintf  0x0800f0e0       0x4c c:/program files (x86)/gnu tools arm embedded/4.8 2014q3/bin/../lib/gcc/arm-none-eabi/4.8.4/../../../../arm-none-eabi/lib/armv7e-m/fpu\libc.a(lib_a-sprintf.o)
                0x0800f0e0                sprintf
 .text.strlen   0x0800f12c       0x60 c:/program files (x86)/gnu tools arm embedded/4.8 2014q3/bin/../lib/gcc/arm-none-eabi/4.8.4/../../../../arm-none-eabi/lib/armv7e-m/fpu\libc.a(lib_a-strlen.o)
                0x0800f12c                strlen
 .text.strncmp  0x0800f18c       0xb4 c:/program files (x86)/gnu tools arm embedded/4.8 2014q3/bin/../lib/gcc/arm-none-eabi/4.8.4/../../../../arm-none-eabi/lib/armv7e-m/fpu\libc.a(lib_a-strncmp.o)
                0x0800f18c                strncmp
 .text.strrchr  0x0800f240       0x28 c:/program files (x86)/gnu tools arm embedded/4.8 2014q3/bin/../lib/gcc/arm-none-eabi/4.8.4/../../../../arm-none-eabi/lib/armv7e-m/fpu\libc.a(lib_a-strrchr.o)
                0x0800f240                strrchr
 .text._svfprintf_r
                0x0800f268     0x14f0 c:/program files (x86)/gnu tools arm embedded/4.8 2014q3/bin/../lib/gcc/arm-none-eabi/4.8.4/../../../../arm-none-eabi/lib/armv7e-m/fpu\libc.a(lib_a-svfprintf.o)
                0x0800f268                _svfprintf_r
 .text._vfprintf_r
                0x08010758     0x1540 c:/program files (x86)/gnu tools arm embedded/4.8 2014q3/bin/../lib/gcc/arm-none-eabi/4.8.4/../../../../arm-none-eabi/lib/armv7e-m/fpu\libc.a(lib_a-vfprintf.o)
                0x08010758                _vfprintf_r
 .text.__sbprintf
                0x08011c98       0x78 c:/program files (x86)/gnu tools arm embedded/4.8 2014q3/bin/../lib/gcc/arm-none-eabi/4.8.4/../../../../arm-none-eabi/lib/armv7e-m/fpu\libc.a(lib_a-vfprintf.o)
 .text.__swsetup_r
                0x08011d10       0xc4 c:/program files (x86)/gnu tools arm embedded/4.8 2014q3/bin/../lib/gcc/arm-none-eabi/4.8.4/../../../../arm-none-eabi/lib/armv7e-m/fpu\libc.a(lib_a-wsetup.o)
                0x08011d10                __swsetup_r
 .text.quorem   0x08011dd4      0x130 c:/program files (x86)/gnu tools arm embedded/4.8 2014q3/bin/../lib/gcc/arm-none-eabi/4.8.4/../../../../arm-none-eabi/lib/armv7e-m/fpu\libc.a(lib_a-dtoa.o)
 *fill*         0x08011f04        0x4 
 .text._dtoa_r  0x08011f08      0xe58 c:/program files (x86)/gnu tools arm embedded/4.8 2014q3/bin/../lib/gcc/arm-none-eabi/4.8.4/../../../../arm-none-eabi/lib/armv7e-m/fpu\libc.a(lib_a-dtoa.o)
                0x08011f08                _dtoa_r
 .text.__sflush_r
                0x08012d60      0x154 c:/program files (x86)/gnu tools arm embedded/4.8 2014q3/bin/../lib/gcc/arm-none-eabi/4.8.4/../../../../arm-none-eabi/lib/armv7e-m/fpu\libc.a(lib_a-fflush.o)
                0x08012d60                __sflush_r
 .text._fflush_r
                0x08012eb4       0x2c c:/program files (x86)/gnu tools arm embedded/4.8 2014q3/bin/../lib/gcc/arm-none-eabi/4.8.4/../../../../arm-none-eabi/lib/armv7e-m/fpu\libc.a(lib_a-fflush.o)
                0x08012eb4                _fflush_r
 .text._cleanup_r
                0x08012ee0        0xc c:/program files (x86)/gnu tools arm embedded/4.8 2014q3/bin/../lib/gcc/arm-none-eabi/4.8.4/../../../../arm-none-eabi/lib/armv7e-m/fpu\libc.a(lib_a-findfp.o)
                0x08012ee0                _cleanup_r
 .text.__sinit  0x08012eec       0xf4 c:/program files (x86)/gnu tools arm embedded/4.8 2014q3/bin/../lib/gcc/arm-none-eabi/4.8.4/../../../../arm-none-eabi/lib/armv7e-m/fpu\libc.a(lib_a-findfp.o)
                0x08012eec                __sinit
 .text.__sfp_lock_acquire
                0x08012fe0        0x4 c:/program files (x86)/gnu tools arm embedded/4.8 2014q3/bin/../lib/gcc/arm-none-eabi/4.8.4/../../../../arm-none-eabi/lib/armv7e-m/fpu\libc.a(lib_a-findfp.o)
                0x08012fe0                __sfp_lock_acquire
 .text.__sfp_lock_release
                0x08012fe4        0x4 c:/program files (x86)/gnu tools arm embedded/4.8 2014q3/bin/../lib/gcc/arm-none-eabi/4.8.4/../../../../arm-none-eabi/lib/armv7e-m/fpu\libc.a(lib_a-findfp.o)
                0x08012fe4                __sfp_lock_release
 .text._malloc_trim_r
                0x08012fe8       0x9c c:/program files (x86)/gnu tools arm embedded/4.8 2014q3/bin/../lib/gcc/arm-none-eabi/4.8.4/../../../../arm-none-eabi/lib/armv7e-m/fpu\libc.a(lib_a-freer.o)
                0x08012fe8                _malloc_trim_r
 .text._free_r  0x08013084      0x19c c:/program files (x86)/gnu tools arm embedded/4.8 2014q3/bin/../lib/gcc/arm-none-eabi/4.8.4/../../../../arm-none-eabi/lib/armv7e-m/fpu\libc.a(lib_a-freer.o)
                0x08013084                _free_r
 .text.__sfvwrite_r
                0x08013220      0x318 c:/program files (x86)/gnu tools arm embedded/4.8 2014q3/bin/../lib/gcc/arm-none-eabi/4.8.4/../../../../arm-none-eabi/lib/armv7e-m/fpu\libc.a(lib_a-fvwrite.o)
                0x08013220                __sfvwrite_r
 .text._fwalk   0x08013538       0x4c c:/program files (x86)/gnu tools arm embedded/4.8 2014q3/bin/../lib/gcc/arm-none-eabi/4.8.4/../../../../arm-none-eabi/lib/armv7e-m/fpu\libc.a(lib_a-fwalk.o)
                0x08013538                _fwalk
 .text.__locale_charset
                0x08013584        0x8 c:/program files (x86)/gnu tools arm embedded/4.8 2014q3/bin/../lib/gcc/arm-none-eabi/4.8.4/../../../../arm-none-eabi/lib/armv7e-m/fpu\libc.a(lib_a-locale.o)
                0x08013584                __locale_charset
 .text.__locale_mb_cur_max
                0x0801358c        0xc c:/program files (x86)/gnu tools arm embedded/4.8 2014q3/bin/../lib/gcc/arm-none-eabi/4.8.4/../../../../arm-none-eabi/lib/armv7e-m/fpu\libc.a(lib_a-locale.o)
                0x0801358c                __locale_mb_cur_max
 .text._localeconv_r
                0x08013598        0x8 c:/program files (x86)/gnu tools arm embedded/4.8 2014q3/bin/../lib/gcc/arm-none-eabi/4.8.4/../../../../arm-none-eabi/lib/armv7e-m/fpu\libc.a(lib_a-locale.o)
                0x08013598                _localeconv_r
 .text.__smakebuf_r
                0x080135a0       0xe0 c:/program files (x86)/gnu tools arm embedded/4.8 2014q3/bin/../lib/gcc/arm-none-eabi/4.8.4/../../../../arm-none-eabi/lib/armv7e-m/fpu\libc.a(lib_a-makebuf.o)
                0x080135a0                __smakebuf_r
 .text._malloc_r
                0x08013680      0x538 c:/program files (x86)/gnu tools arm embedded/4.8 2014q3/bin/../lib/gcc/arm-none-eabi/4.8.4/../../../../arm-none-eabi/lib/armv7e-m/fpu\libc.a(lib_a-mallocr.o)
                0x08013680                _malloc_r
 .text.memchr   0x08013bb8       0x90 c:/program files (x86)/gnu tools arm embedded/4.8 2014q3/bin/../lib/gcc/arm-none-eabi/4.8.4/../../../../arm-none-eabi/lib/armv7e-m/fpu\libc.a(lib_a-memchr-stub.o)
                0x08013bb8                memchr
 .text.__malloc_lock
                0x08013c48        0x4 c:/program files (x86)/gnu tools arm embedded/4.8 2014q3/bin/../lib/gcc/arm-none-eabi/4.8.4/../../../../arm-none-eabi/lib/armv7e-m/fpu\libc.a(lib_a-mlock.o)
                0x08013c48                __malloc_lock
 .text.__malloc_unlock
                0x08013c4c        0x4 c:/program files (x86)/gnu tools arm embedded/4.8 2014q3/bin/../lib/gcc/arm-none-eabi/4.8.4/../../../../arm-none-eabi/lib/armv7e-m/fpu\libc.a(lib_a-mlock.o)
                0x08013c4c                __malloc_unlock
 .text._Balloc  0x08013c50       0x4c c:/program files (x86)/gnu tools arm embedded/4.8 2014q3/bin/../lib/gcc/arm-none-eabi/4.8.4/../../../../arm-none-eabi/lib/armv7e-m/fpu\libc.a(lib_a-mprec.o)
                0x08013c50                _Balloc
 .text._Bfree   0x08013c9c       0x14 c:/program files (x86)/gnu tools arm embedded/4.8 2014q3/bin/../lib/gcc/arm-none-eabi/4.8.4/../../../../arm-none-eabi/lib/armv7e-m/fpu\libc.a(lib_a-mprec.o)
                0x08013c9c                _Bfree
 .text.__multadd
                0x08013cb0       0x98 c:/program files (x86)/gnu tools arm embedded/4.8 2014q3/bin/../lib/gcc/arm-none-eabi/4.8.4/../../../../arm-none-eabi/lib/armv7e-m/fpu\libc.a(lib_a-mprec.o)
                0x08013cb0                __multadd
 .text.__hi0bits
                0x08013d48       0x40 c:/program files (x86)/gnu tools arm embedded/4.8 2014q3/bin/../lib/gcc/arm-none-eabi/4.8.4/../../../../arm-none-eabi/lib/armv7e-m/fpu\libc.a(lib_a-mprec.o)
                0x08013d48                __hi0bits
 .text.__lo0bits
                0x08013d88       0x5c c:/program files (x86)/gnu tools arm embedded/4.8 2014q3/bin/../lib/gcc/arm-none-eabi/4.8.4/../../../../arm-none-eabi/lib/armv7e-m/fpu\libc.a(lib_a-mprec.o)
                0x08013d88                __lo0bits
 .text.__i2b    0x08013de4       0x14 c:/program files (x86)/gnu tools arm embedded/4.8 2014q3/bin/../lib/gcc/arm-none-eabi/4.8.4/../../../../arm-none-eabi/lib/armv7e-m/fpu\libc.a(lib_a-mprec.o)
                0x08013de4                __i2b
 .text.__multiply
                0x08013df8      0x13c c:/program files (x86)/gnu tools arm embedded/4.8 2014q3/bin/../lib/gcc/arm-none-eabi/4.8.4/../../../../arm-none-eabi/lib/armv7e-m/fpu\libc.a(lib_a-mprec.o)
                0x08013df8                __multiply
 .text.__pow5mult
                0x08013f34       0x9c c:/program files (x86)/gnu tools arm embedded/4.8 2014q3/bin/../lib/gcc/arm-none-eabi/4.8.4/../../../../arm-none-eabi/lib/armv7e-m/fpu\libc.a(lib_a-mprec.o)
                0x08013f34                __pow5mult
 .text.__lshift
                0x08013fd0       0xbc c:/program files (x86)/gnu tools arm embedded/4.8 2014q3/bin/../lib/gcc/arm-none-eabi/4.8.4/../../../../arm-none-eabi/lib/armv7e-m/fpu\libc.a(lib_a-mprec.o)
                0x08013fd0                __lshift
 .text.__mcmp   0x0801408c       0x48 c:/program files (x86)/gnu tools arm embedded/4.8 2014q3/bin/../lib/gcc/arm-none-eabi/4.8.4/../../../../arm-none-eabi/lib/armv7e-m/fpu\libc.a(lib_a-mprec.o)
                0x0801408c                __mcmp
 .text.__mdiff  0x080140d4       0xd4 c:/program files (x86)/gnu tools arm embedded/4.8 2014q3/bin/../lib/gcc/arm-none-eabi/4.8.4/../../../../arm-none-eabi/lib/armv7e-m/fpu\libc.a(lib_a-mprec.o)
                0x080140d4                __mdiff
 .text.__d2b    0x080141a8       0xb4 c:/program files (x86)/gnu tools arm embedded/4.8 2014q3/bin/../lib/gcc/arm-none-eabi/4.8.4/../../../../arm-none-eabi/lib/armv7e-m/fpu\libc.a(lib_a-mprec.o)
                0x080141a8                __d2b
 .text._realloc_r
                0x0801425c      0x3cc c:/program files (x86)/gnu tools arm embedded/4.8 2014q3/bin/../lib/gcc/arm-none-eabi/4.8.4/../../../../arm-none-eabi/lib/armv7e-m/fpu\libc.a(lib_a-reallocr.o)
                0x0801425c                _realloc_r
 .text.__fpclassifyd
                0x08014628       0x54 c:/program files (x86)/gnu tools arm embedded/4.8 2014q3/bin/../lib/gcc/arm-none-eabi/4.8.4/../../../../arm-none-eabi/lib/armv7e-m/fpu\libc.a(lib_a-s_fpclassify.o)
                0x08014628                __fpclassifyd
 .text.__sread  0x0801467c       0x24 c:/program files (x86)/gnu tools arm embedded/4.8 2014q3/bin/../lib/gcc/arm-none-eabi/4.8.4/../../../../arm-none-eabi/lib/armv7e-m/fpu\libc.a(lib_a-stdio.o)
                0x0801467c                __sread
 .text.__swrite
                0x080146a0       0x38 c:/program files (x86)/gnu tools arm embedded/4.8 2014q3/bin/../lib/gcc/arm-none-eabi/4.8.4/../../../../arm-none-eabi/lib/armv7e-m/fpu\libc.a(lib_a-stdio.o)
                0x080146a0                __swrite
 .text.__sseek  0x080146d8       0x20 c:/program files (x86)/gnu tools arm embedded/4.8 2014q3/bin/../lib/gcc/arm-none-eabi/4.8.4/../../../../arm-none-eabi/lib/armv7e-m/fpu\libc.a(lib_a-stdio.o)
                0x080146d8                __sseek
 .text.__sclose
                0x080146f8        0x8 c:/program files (x86)/gnu tools arm embedded/4.8 2014q3/bin/../lib/gcc/arm-none-eabi/4.8.4/../../../../arm-none-eabi/lib/armv7e-m/fpu\libc.a(lib_a-stdio.o)
                0x080146f8                __sclose
 .text.strchr   0x08014700       0xf4 c:/program files (x86)/gnu tools arm embedded/4.8 2014q3/bin/../lib/gcc/arm-none-eabi/4.8.4/../../../../arm-none-eabi/lib/armv7e-m/fpu\libc.a(lib_a-strchr.o)
                0x08014700                strchr
 .text.__ssprint_r
                0x080147f4      0x100 c:/program files (x86)/gnu tools arm embedded/4.8 2014q3/bin/../lib/gcc/arm-none-eabi/4.8.4/../../../../arm-none-eabi/lib/armv7e-m/fpu\libc.a(lib_a-svfiprintf.o)
                0x080147f4                __ssprint_r
 .text.__sprint_r.part.0
                0x080148f4       0x78 c:/program files (x86)/gnu tools arm embedded/4.8 2014q3/bin/../lib/gcc/arm-none-eabi/4.8.4/../../../../arm-none-eabi/lib/armv7e-m/fpu\libc.a(lib_a-vfiprintf.o)
 .text.__sprint_r
                0x0801496c       0x18 c:/program files (x86)/gnu tools arm embedded/4.8 2014q3/bin/../lib/gcc/arm-none-eabi/4.8.4/../../../../arm-none-eabi/lib/armv7e-m/fpu\libc.a(lib_a-vfiprintf.o)
                0x0801496c                __sprint_r
 .text._write_r
                0x08014984       0x28 c:/program files (x86)/gnu tools arm embedded/4.8 2014q3/bin/../lib/gcc/arm-none-eabi/4.8.4/../../../../arm-none-eabi/lib/armv7e-m/fpu\libc.a(lib_a-writer.o)
                0x08014984                _write_r
 .text._calloc_r
                0x080149ac       0x60 c:/program files (x86)/gnu tools arm embedded/4.8 2014q3/bin/../lib/gcc/arm-none-eabi/4.8.4/../../../../arm-none-eabi/lib/armv7e-m/fpu\libc.a(lib_a-callocr.o)
                0x080149ac                _calloc_r
 .text._close_r
                0x08014a0c       0x24 c:/program files (x86)/gnu tools arm embedded/4.8 2014q3/bin/../lib/gcc/arm-none-eabi/4.8.4/../../../../arm-none-eabi/lib/armv7e-m/fpu\libc.a(lib_a-closer.o)
                0x08014a0c                _close_r
 .text._fclose_r
                0x08014a30       0x80 c:/program files (x86)/gnu tools arm embedded/4.8 2014q3/bin/../lib/gcc/arm-none-eabi/4.8.4/../../../../arm-none-eabi/lib/armv7e-m/fpu\libc.a(lib_a-fclose.o)
                0x08014a30                _fclose_r
 .text.fclose   0x08014ab0       0x10 c:/program files (x86)/gnu tools arm embedded/4.8 2014q3/bin/../lib/gcc/arm-none-eabi/4.8.4/../../../../arm-none-eabi/lib/armv7e-m/fpu\libc.a(lib_a-fclose.o)
                0x08014ab0                fclose
 .text._fputwc_r
                0x08014ac0       0xbc c:/program files (x86)/gnu tools arm embedded/4.8 2014q3/bin/../lib/gcc/arm-none-eabi/4.8.4/../../../../arm-none-eabi/lib/armv7e-m/fpu\libc.a(lib_a-fputwc.o)
                0x08014ac0                _fputwc_r
 .text._fstat_r
                0x08014b7c       0x28 c:/program files (x86)/gnu tools arm embedded/4.8 2014q3/bin/../lib/gcc/arm-none-eabi/4.8.4/../../../../arm-none-eabi/lib/armv7e-m/fpu\libc.a(lib_a-fstatr.o)
                0x08014b7c                _fstat_r
 .text._isatty_r
                0x08014ba4       0x24 c:/program files (x86)/gnu tools arm embedded/4.8 2014q3/bin/../lib/gcc/arm-none-eabi/4.8.4/../../../../arm-none-eabi/lib/armv7e-m/fpu\libc.a(lib_a-isattyr.o)
                0x08014ba4                _isatty_r
 .text._lseek_r
                0x08014bc8       0x28 c:/program files (x86)/gnu tools arm embedded/4.8 2014q3/bin/../lib/gcc/arm-none-eabi/4.8.4/../../../../arm-none-eabi/lib/armv7e-m/fpu\libc.a(lib_a-lseekr.o)
                0x08014bc8                _lseek_r
 .text._read_r  0x08014bf0       0x28 c:/program files (x86)/gnu tools arm embedded/4.8 2014q3/bin/../lib/gcc/arm-none-eabi/4.8.4/../../../../arm-none-eabi/lib/armv7e-m/fpu\libc.a(lib_a-readr.o)
                0x08014bf0                _read_r
 .text.__swbuf_r
                0x08014c18       0xa8 c:/program files (x86)/gnu tools arm embedded/4.8 2014q3/bin/../lib/gcc/arm-none-eabi/4.8.4/../../../../arm-none-eabi/lib/armv7e-m/fpu\libc.a(lib_a-wbuf.o)
                0x08014c18                __swbuf_r
 .text._wcrtomb_r
                0x08014cc0       0x50 c:/program files (x86)/gnu tools arm embedded/4.8 2014q3/bin/../lib/gcc/arm-none-eabi/4.8.4/../../../../arm-none-eabi/lib/armv7e-m/fpu\libc.a(lib_a-wcrtomb.o)
                0x08014cc0                _wcrtomb_r
 .text.__ascii_wctomb
                0x08014d10       0x1c c:/program files (x86)/gnu tools arm embedded/4.8 2014q3/bin/../lib/gcc/arm-none-eabi/4.8.4/../../../../arm-none-eabi/lib/armv7e-m/fpu\libc.a(lib_a-wctomb_r.o)
                0x08014d10                __ascii_wctomb
 *(.rodata)
 .rodata        0x08014d2c      0x250 ..\obj\dqchan.o
 .rodata        0x08014f7c       0x68 ..\obj\scalfact.o
 .rodata        0x08014fe4     0x2304 ..\obj\hufftabs.o
                0x08014fe4                xmp3fixpt_quadTabMaxBits
                0x08014fec                xmp3fixpt_quadTabOffset
                0x08014ff4                xmp3fixpt_quadTable
                0x08015044                xmp3fixpt_huffTabLookup
                0x08015144                xmp3fixpt_huffTabOffset
                0x080151c4                xmp3fixpt_huffTable
 .rodata        0x080172e8       0x6c ..\obj\imdct.o
 .rodata        0x08017354      0x508 ..\obj\mp3tabs.o
                0x08017354                xmp3fixpt_sfBandTable
                0x080175f0                xmp3fixpt_slotTab
                0x08017700                xmp3fixpt_sideBytesTab
                0x0801770c                xmp3fixpt_bitsPerSlotTab
                0x08017714                xmp3fixpt_samplesPerFrameTab
                0x08017728                xmp3fixpt_bitrateTab
                0x08017838                xmp3fixpt_samplerateTab
 .rodata        0x0801785c      0x4c0 ..\obj\ccsbcs.o
 .rodata        0x08017d1c      0x86c ..\obj\trigtabs_fixpt.o
                0x08017d1c                xmp3fixpt_polyCoef
                0x0801813c                xmp3fixpt_coef32
                0x080181b8                xmp3fixpt_csa
                0x080181f8                xmp3fixpt_uniqueIDTab
                0x08018200                xmp3fixpt_ISFIIP
                0x08018210                xmp3fixpt_ISFMpeg2
                0x08018310                xmp3fixpt_ISFMpeg1
                0x08018348                xmp3fixpt_imdctWin
 .rodata        0x08018588       0xd4 ..\obj\ff.o
 .rodata        0x0801865c       0xc0 ..\obj\dct32.o
 *(.rodata*)
 .rodata.str1.4
                0x0801871c       0x2c ..\obj\main.o
                                 0x30 (size before relaxing)
 .rodata.str1.4
                0x08018748        0x4 ..\obj\usbh_core.o
 .rodata.str1.4
                0x0801874c       0x3c ..\obj\ff.o
 .rodata.str1.4
                0x08018788        0x2 c:/program files (x86)/gnu tools arm embedded/4.8 2014q3/bin/../lib/gcc/arm-none-eabi/4.8.4/../../../../arm-none-eabi/lib/armv7e-m/fpu\libc.a(lib_a-puts.o)
                                  0x4 (size before relaxing)
 *fill*         0x0801878a        0x2 
 .rodata.zeroes.6763
                0x0801878c       0x10 c:/program files (x86)/gnu tools arm embedded/4.8 2014q3/bin/../lib/gcc/arm-none-eabi/4.8.4/../../../../arm-none-eabi/lib/armv7e-m/fpu\libc.a(lib_a-svfprintf.o)
 .rodata.str1.4
                0x0801879c       0x42 c:/program files (x86)/gnu tools arm embedded/4.8 2014q3/bin/../lib/gcc/arm-none-eabi/4.8.4/../../../../arm-none-eabi/lib/armv7e-m/fpu\libc.a(lib_a-svfprintf.o)
                                 0x44 (size before relaxing)
 *fill*         0x080187de        0x2 
 .rodata.blanks.6762
                0x080187e0       0x10 c:/program files (x86)/gnu tools arm embedded/4.8 2014q3/bin/../lib/gcc/arm-none-eabi/4.8.4/../../../../arm-none-eabi/lib/armv7e-m/fpu\libc.a(lib_a-svfprintf.o)
 .rodata.blanks.6777
                0x080187f0       0x10 c:/program files (x86)/gnu tools arm embedded/4.8 2014q3/bin/../lib/gcc/arm-none-eabi/4.8.4/../../../../arm-none-eabi/lib/armv7e-m/fpu\libc.a(lib_a-vfprintf.o)
 .rodata.str1.4
                0x00000000       0x44 c:/program files (x86)/gnu tools arm embedded/4.8 2014q3/bin/../lib/gcc/arm-none-eabi/4.8.4/../../../../arm-none-eabi/lib/armv7e-m/fpu\libc.a(lib_a-vfprintf.o)
 .rodata.zeroes.6778
                0x08018800       0x10 c:/program files (x86)/gnu tools arm embedded/4.8 2014q3/bin/../lib/gcc/arm-none-eabi/4.8.4/../../../../arm-none-eabi/lib/armv7e-m/fpu\libc.a(lib_a-vfprintf.o)
 .rodata.str1.4
                0x08018810       0x10 c:/program files (x86)/gnu tools arm embedded/4.8 2014q3/bin/../lib/gcc/arm-none-eabi/4.8.4/../../../../arm-none-eabi/lib/armv7e-m/fpu\libc.a(lib_a-dtoa.o)
                                 0x14 (size before relaxing)
 .rodata.str1.4
                0x08018820        0x2 c:/program files (x86)/gnu tools arm embedded/4.8 2014q3/bin/../lib/gcc/arm-none-eabi/4.8.4/../../../../arm-none-eabi/lib/armv7e-m/fpu\libc.a(lib_a-impure.o)
                                  0x4 (size before relaxing)
 *fill*         0x08018822        0x2 
 .rodata.str1.4
                0x08018824        0xc c:/program files (x86)/gnu tools arm embedded/4.8 2014q3/bin/../lib/gcc/arm-none-eabi/4.8.4/../../../../arm-none-eabi/lib/armv7e-m/fpu\libc.a(lib_a-locale.o)
                                 0x14 (size before relaxing)
 .rodata.__mprec_tens
                0x08018830       0xc8 c:/program files (x86)/gnu tools arm embedded/4.8 2014q3/bin/../lib/gcc/arm-none-eabi/4.8.4/../../../../arm-none-eabi/lib/armv7e-m/fpu\libc.a(lib_a-mprec.o)
                0x08018830                __mprec_tens
 .rodata.__mprec_bigtens
                0x080188f8       0x28 c:/program files (x86)/gnu tools arm embedded/4.8 2014q3/bin/../lib/gcc/arm-none-eabi/4.8.4/../../../../arm-none-eabi/lib/armv7e-m/fpu\libc.a(lib_a-mprec.o)
                0x080188f8                __mprec_bigtens
 .rodata.p05.5269
                0x08018920        0xc c:/program files (x86)/gnu tools arm embedded/4.8 2014q3/bin/../lib/gcc/arm-none-eabi/4.8.4/../../../../arm-none-eabi/lib/armv7e-m/fpu\libc.a(lib_a-mprec.o)
 *(.glue_7)
 .glue_7        0x00000000        0x0 linker stubs
 *(.glue_7t)
 .glue_7t       0x00000000        0x0 linker stubs
 *(.eh_frame)
 *(.init)
 *(.fini)
                0x0801892c                . = ALIGN (0x4)
                0x0801892c                _etext = .
                0x0801892c                _exit = .

.vfp11_veneer   0x0801892c        0x0
 .vfp11_veneer  0x00000000        0x0 linker stubs

.v4_bx          0x0801892c        0x0
 .v4_bx         0x00000000        0x0 linker stubs

.iplt           0x0801892c        0x0
 .iplt          0x00000000        0x0 ..\obj\stm32f4xx_syscfg.o

.ARM.extab
 *(.ARM.extab* .gnu.linkonce.armextab.*)

.ARM            0x0801892c        0x8
                0x0801892c                __exidx_start = .
 *(.ARM.exidx*)
 .ARM.exidx     0x0801892c        0x8 c:/program files (x86)/gnu tools arm embedded/4.8 2014q3/bin/../lib/gcc/arm-none-eabi/4.8.4/armv7e-m/fpu\libgcc.a(_divdi3.o)
 .ARM.exidx     0x08018934        0x0 c:/program files (x86)/gnu tools arm embedded/4.8 2014q3/bin/../lib/gcc/arm-none-eabi/4.8.4/armv7e-m/fpu\libgcc.a(_udivdi3.o)
                                  0x8 (size before relaxing)
                0x08018934                __exidx_end = .

.rel.dyn        0x08018934        0x0
 .rel.iplt      0x00000000        0x0 ..\obj\stm32f4xx_syscfg.o

.preinit_array  0x08018934        0x0
                0x08018934                PROVIDE (__preinit_array_start, .)
 *(.preinit_array*)
                0x08018934                PROVIDE (__preinit_array_end, .)

.init_array     0x08018934        0x0
                0x08018934                PROVIDE (__init_array_start, .)
 *(SORT(.init_array.*))
 *(.init_array*)
                0x08018934                PROVIDE (__init_array_end, .)

.fini_array     0x08018934        0x0
                0x08018934                PROVIDE (__fini_array_start, .)
 *(.fini_array*)
 *(SORT(.fini_array.*))
                0x08018934                PROVIDE (__fini_array_end, .)
                0x08018934                _sidata = .

.data           0x20000000      0x91c load address 0x08018934
                0x20000000                . = ALIGN (0x4)
                0x20000000                _sdata = .
 *(.data)
 .data          0x20000000       0x10 ..\obj\stm32f4xx_rcc.o
 .data          0x20000010       0x10 ..\obj\usbh_msc_core.o
                0x20000010                USBH_MSC_cb
 .data          0x20000020        0xc ..\obj\usbh_core.o
                0x20000020                USBH_DeviceConnStatus_cb
 .data          0x2000002c        0x1 ..\obj\usbh_msc_scsi.o
 *fill*         0x2000002d        0x3 
 .data          0x20000030       0x48 ..\obj\usbh_usr.o
                0x20000030                USR_Callbacks
 .data          0x20000078        0x1 ..\obj\usbh_msc_fatfs.o
 *(.data*)
 *fill*         0x20000079        0x7 
 .data.impure_data
                0x20000080      0x428 c:/program files (x86)/gnu tools arm embedded/4.8 2014q3/bin/../lib/gcc/arm-none-eabi/4.8.4/../../../../arm-none-eabi/lib/armv7e-m/fpu\libc.a(lib_a-impure.o)
 .data._impure_ptr
                0x200004a8        0x4 c:/program files (x86)/gnu tools arm embedded/4.8 2014q3/bin/../lib/gcc/arm-none-eabi/4.8.4/../../../../arm-none-eabi/lib/armv7e-m/fpu\libc.a(lib_a-impure.o)
                0x200004a8                _impure_ptr
 .data.lconv    0x200004ac       0x38 c:/program files (x86)/gnu tools arm embedded/4.8 2014q3/bin/../lib/gcc/arm-none-eabi/4.8.4/../../../../arm-none-eabi/lib/armv7e-m/fpu\libc.a(lib_a-locale.o)
 .data.lc_ctype_charset
                0x200004e4       0x20 c:/program files (x86)/gnu tools arm embedded/4.8 2014q3/bin/../lib/gcc/arm-none-eabi/4.8.4/../../../../arm-none-eabi/lib/armv7e-m/fpu\libc.a(lib_a-locale.o)
 .data.__mb_cur_max
                0x20000504        0x4 c:/program files (x86)/gnu tools arm embedded/4.8 2014q3/bin/../lib/gcc/arm-none-eabi/4.8.4/../../../../arm-none-eabi/lib/armv7e-m/fpu\libc.a(lib_a-locale.o)
                0x20000504                __mb_cur_max
 .data.__malloc_av_
                0x20000508      0x408 c:/program files (x86)/gnu tools arm embedded/4.8 2014q3/bin/../lib/gcc/arm-none-eabi/4.8.4/../../../../arm-none-eabi/lib/armv7e-m/fpu\libc.a(lib_a-mallocr.o)
                0x20000508                __malloc_av_
 .data.__malloc_trim_threshold
                0x20000910        0x4 c:/program files (x86)/gnu tools arm embedded/4.8 2014q3/bin/../lib/gcc/arm-none-eabi/4.8.4/../../../../arm-none-eabi/lib/armv7e-m/fpu\libc.a(lib_a-mallocr.o)
                0x20000910                __malloc_trim_threshold
 .data.__malloc_sbrk_base
                0x20000914        0x4 c:/program files (x86)/gnu tools arm embedded/4.8 2014q3/bin/../lib/gcc/arm-none-eabi/4.8.4/../../../../arm-none-eabi/lib/armv7e-m/fpu\libc.a(lib_a-mallocr.o)
                0x20000914                __malloc_sbrk_base
 .data.__wctomb
                0x20000918        0x4 c:/program files (x86)/gnu tools arm embedded/4.8 2014q3/bin/../lib/gcc/arm-none-eabi/4.8.4/../../../../arm-none-eabi/lib/armv7e-m/fpu\libc.a(lib_a-wctomb_r.o)
                0x20000918                __wctomb
                0x2000091c                . = ALIGN (0x4)
                0x2000091c                _edata = .

.igot.plt       0x2000091c        0x0 load address 0x08019250
 .igot.plt      0x00000000        0x0 ..\obj\stm32f4xx_syscfg.o
                0x2000091c                . = ALIGN (0x4)

.bss            0x2000091c     0xd754 load address 0x08019250
                0x2000091c                _sbss = .
                0x2000091c                __bss_start__ = _sbss
 *(.bss)
 .bss           0x2000091c     0x4104 ..\obj\main.o
                0x20004a1c                enum_done
 .bss           0x20004a20        0x2 ..\obj\usbh_msc_core.o
                0x20004a21                MSCErrorCount
 .bss           0x20004a22        0x2 ..\obj\usbh_core.o
 .bss           0x20004a24        0x4 ..\obj\syscalls.o
 .bss           0x20004a28        0x4 ..\obj\usb_bsp.o
                0x20004a28                BSP_delay
 .bss           0x20004a2c     0x5d08 ..\obj\buffers.o
 .bss           0x2000a734      0x208 ..\obj\ff.o
 .bss           0x2000a93c       0x10 ..\obj\usbh_msc_bot.o
 .bss           0x2000a94c       0x18 ..\obj\Audio.o
 *(.bss*)
 .bss.__malloc_max_total_mem
                0x2000a964        0x4 c:/program files (x86)/gnu tools arm embedded/4.8 2014q3/bin/../lib/gcc/arm-none-eabi/4.8.4/../../../../arm-none-eabi/lib/armv7e-m/fpu\libc.a(lib_a-mallocr.o)
                0x2000a964                __malloc_max_total_mem
 .bss.__malloc_max_sbrked_mem
                0x2000a968        0x4 c:/program files (x86)/gnu tools arm embedded/4.8 2014q3/bin/../lib/gcc/arm-none-eabi/4.8.4/../../../../arm-none-eabi/lib/armv7e-m/fpu\libc.a(lib_a-mallocr.o)
                0x2000a968                __malloc_max_sbrked_mem
 .bss.__malloc_top_pad
                0x2000a96c        0x4 c:/program files (x86)/gnu tools arm embedded/4.8 2014q3/bin/../lib/gcc/arm-none-eabi/4.8.4/../../../../arm-none-eabi/lib/armv7e-m/fpu\libc.a(lib_a-mallocr.o)
                0x2000a96c                __malloc_top_pad
 .bss.__malloc_current_mallinfo
                0x2000a970       0x28 c:/program files (x86)/gnu tools arm embedded/4.8 2014q3/bin/../lib/gcc/arm-none-eabi/4.8.4/../../../../arm-none-eabi/lib/armv7e-m/fpu\libc.a(lib_a-mallocr.o)
                0x2000a970                __malloc_current_mallinfo
 *(COMMON)
 COMMON         0x2000a998     0x2998 ..\obj\main.o
                0x2000a998                time_var1
                0x2000a99c                file
                0x2000adc0                hMP3Decoder
                0x2000adc4                time_var2
                0x2000adc8                USB_OTG_Core
                0x2000b278                file_read_buffer
                0x2000d278                RCC_Clocks
                0x2000d288                USB_Host
                0x2000d30c                bytes_left
                0x2000d310                read_ptr
                0x2000d314                mp3FrameInfo
 COMMON         0x2000d330       0x54 ..\obj\usbh_msc_core.o
                0x2000d330                MSC_Machine
                0x2000d37c                MSC_Setup
 COMMON         0x2000d384      0x410 ..\obj\usbh_msc_scsi.o
                0x2000d384                USBH_DataInBuffer
                0x2000d584                USBH_MSC_Param
                0x2000d594                USBH_DataOutBuffer
 COMMON         0x2000d794      0x898 ..\obj\usbh_usr.o
                0x2000d794                fileR
                0x2000dbb8                fno
                0x2000dbd8                dir
                0x2000dbfc                fatfs
 COMMON         0x2000e02c       0x40 ..\obj\usbh_msc_bot.o
                0x2000e02c                USBH_MSC_CSWData
                0x2000e03c                USBH_MSC_BOTXferParam
                0x2000e04c                USBH_MSC_CBWData
 COMMON         0x2000e06c        0x4 c:/program files (x86)/gnu tools arm embedded/4.8 2014q3/bin/../lib/gcc/arm-none-eabi/4.8.4/../../../../arm-none-eabi/lib/armv7e-m/fpu\libc.a(lib_a-reent.o)
                0x2000e06c                errno
                0x2000e070                . = ALIGN (0x4)
                0x2000e070                _ebss = .
                0x2000e070                __bss_end__ = _ebss

._user_heap_stack
                0x2000e070      0x400 load address 0x080269a4
                0x2000e070                . = ALIGN (0x4)
                0x2000e070                PROVIDE (end, .)
                0x2000e070                PROVIDE (_end, .)
                0x2000e070                . = (. + _Min_Heap_Size)
                0x2000e470                . = (. + _Min_Stack_Size)
 *fill*         0x2000e070      0x400 
                0x2000e470                . = ALIGN (0x4)
LOAD ..\obj\stm32f4xx_syscfg.o
LOAD ..\obj\usb_core.o
LOAD ..\obj\dqchan.o
LOAD ..\obj\scalfact.o
LOAD ..\obj\stm32f4xx_sdio.o
LOAD ..\obj\bitstream.o
LOAD ..\obj\dequant.o
LOAD ..\obj\hufftabs.o
LOAD ..\obj\stm32f4xx_cryp_aes.o
LOAD ..\obj\stm32f4xx_hash.o
LOAD ..\obj\imdct.o
LOAD ..\obj\stm32f4xx_hash_sha1.o
LOAD ..\obj\usbh_hcs.o
LOAD ..\obj\stm32f4xx_usart.o
LOAD ..\obj\usbh_stdreq.o
LOAD ..\obj\stm32f4xx_pwr.o
LOAD ..\obj\stm32f4xx_can.o
LOAD ..\obj\mp3tabs.o
LOAD ..\obj\stm32f4xx_wwdg.o
LOAD ..\obj\stm32f4xx_hash_md5.o
LOAD ..\obj\stm32f4xx_dac.o
LOAD ..\obj\subband.o
LOAD ..\obj\startup_stm32f4xx.o
LOAD ..\obj\stm32f4xx_crc.o
LOAD ..\obj\stm32f4xx_iwdg.o
LOAD ..\obj\mp3dec.o
LOAD ..\obj\main.o
LOAD ..\obj\stm32f4xx_rcc.o
LOAD ..\obj\stm32f4xx_it.o
LOAD ..\obj\stm32f4xx_adc.o
LOAD ..\obj\usbh_msc_core.o
LOAD ..\obj\stm32f4xx_dcmi.o
LOAD ..\obj\stm32f4xx_cryp_des.o
LOAD ..\obj\stm32f4xx_cryp.o
LOAD ..\obj\stm32f4xx_fsmc.o
LOAD ..\obj\usbh_core.o
LOAD ..\obj\stm32f4xx_gpio.o
LOAD ..\obj\stm32f4xx_flash.o
LOAD ..\obj\usbh_msc_scsi.o
LOAD ..\obj\system_stm32f4xx.o
LOAD ..\obj\syscalls.o
LOAD ..\obj\stm32f4xx_dma.o
LOAD ..\obj\usbh_usr.o
LOAD ..\obj\ccsbcs.o
LOAD ..\obj\usb_bsp.o
LOAD ..\obj\stproc.o
LOAD ..\obj\usb_dcd_int.o
LOAD ..\obj\huffman.o
LOAD ..\obj\trigtabs_fixpt.o
LOAD ..\obj\buffers.o
LOAD ..\obj\ff.o
LOAD ..\obj\usb_hcd.o
LOAD ..\obj\usbh_msc_bot.o
LOAD ..\obj\usbh_msc_fatfs.o
LOAD ..\obj\usb_otg.o
LOAD ..\obj\stm32f4xx_spi.o
LOAD ..\obj\dct32.o
LOAD ..\obj\stm32f4xx_i2c.o
LOAD ..\obj\stm32f4xx_rng.o
LOAD ..\obj\stm32f4xx_exti.o
LOAD ..\obj\usbh_ioreq.o
LOAD ..\obj\misc.o
LOAD ..\obj\usb_dcd.o
LOAD ..\obj\Audio.o
LOAD ..\obj\polyphase.o
LOAD ..\obj\fattime.o
LOAD ..\obj\stm32f4xx_rtc.o
LOAD ..\obj\stm32f4xx_cryp_tdes.o
LOAD ..\obj\stm32f4xx_tim.o
LOAD ..\obj\stm32f4xx_dbgmcu.o
LOAD ..\obj\usb_hcd_int.o
LOAD c:/program files (x86)/gnu tools arm embedded/4.8 2014q3/bin/../lib/gcc/arm-none-eabi/4.8.4/../../../../arm-none-eabi/lib/armv7e-m/fpu\libm.a
LOAD c:/program files (x86)/gnu tools arm embedded/4.8 2014q3/bin/../lib/gcc/arm-none-eabi/4.8.4/armv7e-m/fpu\libgcc.a
LOAD c:/program files (x86)/gnu tools arm embedded/4.8 2014q3/bin/../lib/gcc/arm-none-eabi/4.8.4/../../../../arm-none-eabi/lib/armv7e-m/fpu\libc.a
LOAD c:/program files (x86)/gnu tools arm embedded/4.8 2014q3/bin/../lib/gcc/arm-none-eabi/4.8.4/../../../../arm-none-eabi/lib/armv7e-m/fpu\librdimon.a
START GROUP
LOAD c:/program files (x86)/gnu tools arm embedded/4.8 2014q3/bin/../lib/gcc/arm-none-eabi/4.8.4/armv7e-m/fpu\libgcc.a
LOAD c:/program files (x86)/gnu tools arm embedded/4.8 2014q3/bin/../lib/gcc/arm-none-eabi/4.8.4/../../../../arm-none-eabi/lib/armv7e-m/fpu\libg.a
LOAD c:/program files (x86)/gnu tools arm embedded/4.8 2014q3/bin/../lib/gcc/arm-none-eabi/4.8.4/../../../../arm-none-eabi/lib/armv7e-m/fpu\libc.a
END GROUP
OUTPUT(test_host.elf elf32-littlearm)

.debug_info     0x00000000    0x322dd
 .debug_info    0x00000000     0x26f4 ..\obj\usb_core.o
 .debug_info    0x000026f4      0x954 ..\obj\dqchan.o
 .debug_info    0x00003048      0xbf5 ..\obj\scalfact.o
 .debug_info    0x00003c3d      0xe96 ..\obj\bitstream.o
 .debug_info    0x00004ad3      0x972 ..\obj\dequant.o
 .debug_info    0x00005445      0x1ba ..\obj\hufftabs.o
 .debug_info    0x000055ff     0x3084 ..\obj\imdct.o
 .debug_info    0x00008683      0xbb5 ..\obj\usbh_hcs.o
 .debug_info    0x00009238      0xb41 ..\obj\stm32f4xx_usart.o
 .debug_info    0x00009d79     0x1a33 ..\obj\usbh_stdreq.o
 .debug_info    0x0000b7ac      0x1d1 ..\obj\mp3tabs.o
 .debug_info    0x0000b97d      0x4c9 ..\obj\subband.o
 .debug_info    0x0000be46       0xa6 ..\obj\startup_stm32f4xx.o
 .debug_info    0x0000beec      0xc7b ..\obj\mp3dec.o
 .debug_info    0x0000cb67     0x2e22 ..\obj\main.o
 .debug_info    0x0000f989      0xcfe ..\obj\stm32f4xx_rcc.o
 .debug_info    0x00010687      0xae6 ..\obj\stm32f4xx_it.o
 .debug_info    0x0001116d     0x1a0d ..\obj\usbh_msc_core.o
 .debug_info    0x00012b7a     0x1cf0 ..\obj\usbh_core.o
 .debug_info    0x0001486a      0x7d9 ..\obj\stm32f4xx_gpio.o
 .debug_info    0x00015043      0xf3d ..\obj\usbh_msc_scsi.o
 .debug_info    0x00015f80      0x5b3 ..\obj\system_stm32f4xx.o
 .debug_info    0x00016533      0xdc5 ..\obj\syscalls.o
 .debug_info    0x000172f8      0xbda ..\obj\usbh_usr.o
 .debug_info    0x00017ed2      0x1a1 ..\obj\ccsbcs.o
 .debug_info    0x00018073     0x195a ..\obj\usb_bsp.o
 .debug_info    0x000199cd      0xcb9 ..\obj\stproc.o
 .debug_info    0x0001a686      0xbf3 ..\obj\huffman.o
 .debug_info    0x0001b279      0x1c4 ..\obj\trigtabs_fixpt.o
 .debug_info    0x0001b43d      0x9d3 ..\obj\buffers.o
 .debug_info    0x0001be10     0x6edd ..\obj\ff.o
 .debug_info    0x00022ced      0xe4c ..\obj\usb_hcd.o
 .debug_info    0x00023b39     0x19bd ..\obj\usbh_msc_bot.o
 .debug_info    0x000254f6     0x1590 ..\obj\usbh_msc_fatfs.o
 .debug_info    0x00026a86      0xba4 ..\obj\dct32.o
 .debug_info    0x0002762a      0x34c ..\obj\stm32f4xx_exti.o
 .debug_info    0x00027976     0x15f1 ..\obj\usbh_ioreq.o
 .debug_info    0x00028f67      0x543 ..\obj\misc.o
 .debug_info    0x000294aa     0x1586 ..\obj\Audio.o
 .debug_info    0x0002aa30     0x3181 ..\obj\polyphase.o
 .debug_info    0x0002dbb1       0xbd ..\obj\fattime.o
 .debug_info    0x0002dc6e     0x24d7 ..\obj\stm32f4xx_tim.o
 .debug_info    0x00030145     0x2198 ..\obj\usb_hcd_int.o

.debug_abbrev   0x00000000     0x6288
 .debug_abbrev  0x00000000      0x45a ..\obj\usb_core.o
 .debug_abbrev  0x0000045a      0x1f7 ..\obj\dqchan.o
 .debug_abbrev  0x00000651      0x22a ..\obj\scalfact.o
 .debug_abbrev  0x0000087b      0x2a7 ..\obj\bitstream.o
 .debug_abbrev  0x00000b22      0x1f5 ..\obj\dequant.o
 .debug_abbrev  0x00000d17       0xab ..\obj\hufftabs.o
 .debug_abbrev  0x00000dc2      0x360 ..\obj\imdct.o
 .debug_abbrev  0x00001122      0x21f ..\obj\usbh_hcs.o
 .debug_abbrev  0x00001341      0x1eb ..\obj\stm32f4xx_usart.o
 .debug_abbrev  0x0000152c      0x374 ..\obj\usbh_stdreq.o
 .debug_abbrev  0x000018a0       0x79 ..\obj\mp3tabs.o
 .debug_abbrev  0x00001919      0x160 ..\obj\subband.o
 .debug_abbrev  0x00001a79       0x12 ..\obj\startup_stm32f4xx.o
 .debug_abbrev  0x00001a8b      0x34c ..\obj\mp3dec.o
 .debug_abbrev  0x00001dd7      0x54f ..\obj\main.o
 .debug_abbrev  0x00002326      0x27e ..\obj\stm32f4xx_rcc.o
 .debug_abbrev  0x000025a4      0x1ed ..\obj\stm32f4xx_it.o
 .debug_abbrev  0x00002791      0x3b2 ..\obj\usbh_msc_core.o
 .debug_abbrev  0x00002b43      0x3cc ..\obj\usbh_core.o
 .debug_abbrev  0x00002f0f      0x1f6 ..\obj\stm32f4xx_gpio.o
 .debug_abbrev  0x00003105      0x239 ..\obj\usbh_msc_scsi.o
 .debug_abbrev  0x0000333e      0x15d ..\obj\system_stm32f4xx.o
 .debug_abbrev  0x0000349b      0x29b ..\obj\syscalls.o
 .debug_abbrev  0x00003736      0x28c ..\obj\usbh_usr.o
 .debug_abbrev  0x000039c2       0xbe ..\obj\ccsbcs.o
 .debug_abbrev  0x00003a80      0x33e ..\obj\usb_bsp.o
 .debug_abbrev  0x00003dbe      0x203 ..\obj\stproc.o
 .debug_abbrev  0x00003fc1      0x251 ..\obj\huffman.o
 .debug_abbrev  0x00004212       0x68 ..\obj\trigtabs_fixpt.o
 .debug_abbrev  0x0000427a      0x1da ..\obj\buffers.o
 .debug_abbrev  0x00004454      0x43f ..\obj\ff.o
 .debug_abbrev  0x00004893      0x209 ..\obj\usb_hcd.o
 .debug_abbrev  0x00004a9c      0x309 ..\obj\usbh_msc_bot.o
 .debug_abbrev  0x00004da5      0x287 ..\obj\usbh_msc_fatfs.o
 .debug_abbrev  0x0000502c      0x136 ..\obj\dct32.o
 .debug_abbrev  0x00005162      0x1c3 ..\obj\stm32f4xx_exti.o
 .debug_abbrev  0x00005325      0x278 ..\obj\usbh_ioreq.o
 .debug_abbrev  0x0000559d      0x154 ..\obj\misc.o
 .debug_abbrev  0x000056f1      0x390 ..\obj\Audio.o
 .debug_abbrev  0x00005a81      0x231 ..\obj\polyphase.o
 .debug_abbrev  0x00005cb2       0x67 ..\obj\fattime.o
 .debug_abbrev  0x00005d19      0x28f ..\obj\stm32f4xx_tim.o
 .debug_abbrev  0x00005fa8      0x2e0 ..\obj\usb_hcd_int.o

.debug_loc      0x00000000    0x2d1dd
 .debug_loc     0x00000000     0x1347 ..\obj\usb_core.o
 .debug_loc     0x00001347      0xa74 ..\obj\dqchan.o
 .debug_loc     0x00001dbb     0x1263 ..\obj\scalfact.o
 .debug_loc     0x0000301e     0x19e0 ..\obj\bitstream.o
 .debug_loc     0x000049fe      0x2e6 ..\obj\dequant.o
 .debug_loc     0x00004ce4     0x4f6e ..\obj\imdct.o
 .debug_loc     0x00009c52      0x312 ..\obj\usbh_hcs.o
 .debug_loc     0x00009f64      0x75a ..\obj\stm32f4xx_usart.o
 .debug_loc     0x0000a6be      0x826 ..\obj\usbh_stdreq.o
 .debug_loc     0x0000aee4      0x163 ..\obj\subband.o
 .debug_loc     0x0000b047      0x8e6 ..\obj\mp3dec.o
 .debug_loc     0x0000b92d      0x624 ..\obj\main.o
 .debug_loc     0x0000bf51      0xb63 ..\obj\stm32f4xx_rcc.o
 .debug_loc     0x0000cab4      0x3f2 ..\obj\usbh_msc_core.o
 .debug_loc     0x0000cea6      0xc87 ..\obj\usbh_core.o
 .debug_loc     0x0000db2d      0x386 ..\obj\stm32f4xx_gpio.o
 .debug_loc     0x0000deb3      0x444 ..\obj\usbh_msc_scsi.o
 .debug_loc     0x0000e2f7      0x144 ..\obj\system_stm32f4xx.o
 .debug_loc     0x0000e43b      0x1d9 ..\obj\syscalls.o
 .debug_loc     0x0000e614      0x125 ..\obj\ccsbcs.o
 .debug_loc     0x0000e739      0x16e ..\obj\usb_bsp.o
 .debug_loc     0x0000e8a7     0x1c69 ..\obj\stproc.o
 .debug_loc     0x00010510     0x1567 ..\obj\huffman.o
 .debug_loc     0x00011a77     0xe96c ..\obj\ff.o
 .debug_loc     0x000203e3      0x2d5 ..\obj\usb_hcd.o
 .debug_loc     0x000206b8      0x66a ..\obj\usbh_msc_bot.o
 .debug_loc     0x00020d22      0x3a9 ..\obj\usbh_msc_fatfs.o
 .debug_loc     0x000210cb     0x24b4 ..\obj\dct32.o
 .debug_loc     0x0002357f      0x1f6 ..\obj\stm32f4xx_exti.o
 .debug_loc     0x00023775      0x56c ..\obj\usbh_ioreq.o
 .debug_loc     0x00023ce1      0x15d ..\obj\misc.o
 .debug_loc     0x00023e3e      0x2ba ..\obj\Audio.o
 .debug_loc     0x000240f8     0x6595 ..\obj\polyphase.o
 .debug_loc     0x0002a68d     0x2061 ..\obj\stm32f4xx_tim.o
 .debug_loc     0x0002c6ee      0xaef ..\obj\usb_hcd_int.o

.debug_aranges  0x00000000     0x1170
 .debug_aranges
                0x00000000       0xf0 ..\obj\usb_core.o
 .debug_aranges
                0x000000f0       0x28 ..\obj\dqchan.o
 .debug_aranges
                0x00000118       0x20 ..\obj\scalfact.o
 .debug_aranges
                0x00000138       0x60 ..\obj\bitstream.o
 .debug_aranges
                0x00000198       0x20 ..\obj\dequant.o
 .debug_aranges
                0x000001b8       0x18 ..\obj\hufftabs.o
 .debug_aranges
                0x000001d0       0x30 ..\obj\imdct.o
 .debug_aranges
                0x00000200       0x40 ..\obj\usbh_hcs.o
 .debug_aranges
                0x00000240      0x100 ..\obj\stm32f4xx_usart.o
 .debug_aranges
                0x00000340       0x50 ..\obj\usbh_stdreq.o
 .debug_aranges
                0x00000390       0x18 ..\obj\mp3tabs.o
 .debug_aranges
                0x000003a8       0x20 ..\obj\subband.o
 .debug_aranges
                0x000003c8       0x28 ..\obj\startup_stm32f4xx.o
 .debug_aranges
                0x000003f0       0x48 ..\obj\mp3dec.o
 .debug_aranges
                0x00000438       0x58 ..\obj\main.o
 .debug_aranges
                0x00000490      0x178 ..\obj\stm32f4xx_rcc.o
 .debug_aranges
                0x00000608       0x80 ..\obj\stm32f4xx_it.o
 .debug_aranges
                0x00000688       0x40 ..\obj\usbh_msc_core.o
 .debug_aranges
                0x000006c8       0x50 ..\obj\usbh_core.o
 .debug_aranges
                0x00000718       0x88 ..\obj\stm32f4xx_gpio.o
 .debug_aranges
                0x000007a0       0x48 ..\obj\usbh_msc_scsi.o
 .debug_aranges
                0x000007e8       0x28 ..\obj\system_stm32f4xx.o
 .debug_aranges
                0x00000810       0x58 ..\obj\syscalls.o
 .debug_aranges
                0x00000868       0xa8 ..\obj\usbh_usr.o
 .debug_aranges
                0x00000910       0x28 ..\obj\ccsbcs.o
 .debug_aranges
                0x00000938       0x58 ..\obj\usb_bsp.o
 .debug_aranges
                0x00000990       0x30 ..\obj\stproc.o
 .debug_aranges
                0x000009c0       0x20 ..\obj\huffman.o
 .debug_aranges
                0x000009e0       0x18 ..\obj\trigtabs_fixpt.o
 .debug_aranges
                0x000009f8       0x28 ..\obj\buffers.o
 .debug_aranges
                0x00000a20      0x160 ..\obj\ff.o
 .debug_aranges
                0x00000b80       0x68 ..\obj\usb_hcd.o
 .debug_aranges
                0x00000be8       0x38 ..\obj\usbh_msc_bot.o
 .debug_aranges
                0x00000c20       0x40 ..\obj\usbh_msc_fatfs.o
 .debug_aranges
                0x00000c60       0x20 ..\obj\dct32.o
 .debug_aranges
                0x00000c80       0x58 ..\obj\stm32f4xx_exti.o
 .debug_aranges
                0x00000cd8       0x58 ..\obj\usbh_ioreq.o
 .debug_aranges
                0x00000d30       0x40 ..\obj\misc.o
 .debug_aranges
                0x00000d70       0x70 ..\obj\Audio.o
 .debug_aranges
                0x00000de0       0x28 ..\obj\polyphase.o
 .debug_aranges
                0x00000e08       0x20 ..\obj\fattime.o
 .debug_aranges
                0x00000e28      0x2d8 ..\obj\stm32f4xx_tim.o
 .debug_aranges
                0x00001100       0x70 ..\obj\usb_hcd_int.o

.debug_ranges   0x00000000     0x40d0
 .debug_ranges  0x00000000      0x1a0 ..\obj\usb_core.o
 .debug_ranges  0x000001a0       0x48 ..\obj\dqchan.o
 .debug_ranges  0x000001e8       0xb8 ..\obj\scalfact.o
 .debug_ranges  0x000002a0      0x468 ..\obj\bitstream.o
 .debug_ranges  0x00000708       0x40 ..\obj\dequant.o
 .debug_ranges  0x00000748      0x8a0 ..\obj\imdct.o
 .debug_ranges  0x00000fe8       0x50 ..\obj\usbh_hcs.o
 .debug_ranges  0x00001038       0xf0 ..\obj\stm32f4xx_usart.o
 .debug_ranges  0x00001128      0x108 ..\obj\usbh_stdreq.o
 .debug_ranges  0x00001230       0x10 ..\obj\subband.o
 .debug_ranges  0x00001240       0x20 ..\obj\startup_stm32f4xx.o
 .debug_ranges  0x00001260       0x98 ..\obj\mp3dec.o
 .debug_ranges  0x000012f8      0x168 ..\obj\main.o
 .debug_ranges  0x00001460      0x180 ..\obj\stm32f4xx_rcc.o
 .debug_ranges  0x000015e0       0x70 ..\obj\stm32f4xx_it.o
 .debug_ranges  0x00001650       0x80 ..\obj\usbh_msc_core.o
 .debug_ranges  0x000016d0       0x80 ..\obj\usbh_core.o
 .debug_ranges  0x00001750       0x78 ..\obj\stm32f4xx_gpio.o
 .debug_ranges  0x000017c8       0x38 ..\obj\usbh_msc_scsi.o
 .debug_ranges  0x00001800       0x30 ..\obj\system_stm32f4xx.o
 .debug_ranges  0x00001830       0x48 ..\obj\syscalls.o
 .debug_ranges  0x00001878       0xb0 ..\obj\usbh_usr.o
 .debug_ranges  0x00001928       0x18 ..\obj\ccsbcs.o
 .debug_ranges  0x00001940       0xd8 ..\obj\usb_bsp.o
 .debug_ranges  0x00001a18      0x230 ..\obj\stproc.o
 .debug_ranges  0x00001c48       0x78 ..\obj\huffman.o
 .debug_ranges  0x00001cc0       0x18 ..\obj\buffers.o
 .debug_ranges  0x00001cd8     0x1208 ..\obj\ff.o
 .debug_ranges  0x00002ee0       0x58 ..\obj\usb_hcd.o
 .debug_ranges  0x00002f38       0x48 ..\obj\usbh_msc_bot.o
 .debug_ranges  0x00002f80       0x30 ..\obj\usbh_msc_fatfs.o
 .debug_ranges  0x00002fb0      0x2f8 ..\obj\dct32.o
 .debug_ranges  0x000032a8       0x48 ..\obj\stm32f4xx_exti.o
 .debug_ranges  0x000032f0       0x68 ..\obj\usbh_ioreq.o
 .debug_ranges  0x00003358       0x30 ..\obj\misc.o
 .debug_ranges  0x00003388      0x1f0 ..\obj\Audio.o
 .debug_ranges  0x00003578      0x788 ..\obj\polyphase.o
 .debug_ranges  0x00003d00       0x10 ..\obj\fattime.o
 .debug_ranges  0x00003d10      0x360 ..\obj\stm32f4xx_tim.o
 .debug_ranges  0x00004070       0x60 ..\obj\usb_hcd_int.o

.debug_line     0x00000000     0xd059
 .debug_line    0x00000000      0x812 ..\obj\usb_core.o
 .debug_line    0x00000812      0x29d ..\obj\dqchan.o
 .debug_line    0x00000aaf      0x26a ..\obj\scalfact.o
 .debug_line    0x00000d19      0x623 ..\obj\bitstream.o
 .debug_line    0x0000133c      0x17b ..\obj\dequant.o
 .debug_line    0x000014b7       0x70 ..\obj\hufftabs.o
 .debug_line    0x00001527      0xb86 ..\obj\imdct.o
 .debug_line    0x000020ad      0x2c0 ..\obj\usbh_hcs.o
 .debug_line    0x0000236d      0x537 ..\obj\stm32f4xx_usart.o
 .debug_line    0x000028a4      0x42d ..\obj\usbh_stdreq.o
 .debug_line    0x00002cd1       0xa7 ..\obj\mp3tabs.o
 .debug_line    0x00002d78      0x144 ..\obj\subband.o
 .debug_line    0x00002ebc       0x9f ..\obj\startup_stm32f4xx.o
 .debug_line    0x00002f5b      0x36d ..\obj\mp3dec.o
 .debug_line    0x000032c8      0x6ca ..\obj\main.o
 .debug_line    0x00003992      0x5cf ..\obj\stm32f4xx_rcc.o
 .debug_line    0x00003f61      0x33f ..\obj\stm32f4xx_it.o
 .debug_line    0x000042a0      0x43c ..\obj\usbh_msc_core.o
 .debug_line    0x000046dc      0x50c ..\obj\usbh_core.o
 .debug_line    0x00004be8      0x3c0 ..\obj\stm32f4xx_gpio.o
 .debug_line    0x00004fa8      0x4b3 ..\obj\usbh_msc_scsi.o
 .debug_line    0x0000545b      0x230 ..\obj\system_stm32f4xx.o
 .debug_line    0x0000568b      0x381 ..\obj\syscalls.o
 .debug_line    0x00005a0c      0x430 ..\obj\usbh_usr.o
 .debug_line    0x00005e3c      0x21c ..\obj\ccsbcs.o
 .debug_line    0x00006058      0x3ec ..\obj\usb_bsp.o
 .debug_line    0x00006444      0x66a ..\obj\stproc.o
 .debug_line    0x00006aae      0x2de ..\obj\huffman.o
 .debug_line    0x00006d8c       0x6b ..\obj\trigtabs_fixpt.o
 .debug_line    0x00006df7       0xfa ..\obj\buffers.o
 .debug_line    0x00006ef1     0x2381 ..\obj\ff.o
 .debug_line    0x00009272      0x2cc ..\obj\usb_hcd.o
 .debug_line    0x0000953e      0x47f ..\obj\usbh_msc_bot.o
 .debug_line    0x000099bd      0x3af ..\obj\usbh_msc_fatfs.o
 .debug_line    0x00009d6c      0x6a9 ..\obj\dct32.o
 .debug_line    0x0000a415      0x2ec ..\obj\stm32f4xx_exti.o
 .debug_line    0x0000a701      0x35b ..\obj\usbh_ioreq.o
 .debug_line    0x0000aa5c      0x282 ..\obj\misc.o
 .debug_line    0x0000acde      0x5e6 ..\obj\Audio.o
 .debug_line    0x0000b2c4      0xad8 ..\obj\polyphase.o
 .debug_line    0x0000bd9c      0x1c7 ..\obj\fattime.o
 .debug_line    0x0000bf63      0xcab ..\obj\stm32f4xx_tim.o
 .debug_line    0x0000cc0e      0x44b ..\obj\usb_hcd_int.o

.debug_str      0x00000000     0x74e7
 .debug_str     0x00000000     0x1107 ..\obj\usb_core.o
                               0x1413 (size before relaxing)
 .debug_str     0x00001107      0x2f5 ..\obj\dqchan.o
                                0x4b7 (size before relaxing)
 .debug_str     0x000013fc      0x2a7 ..\obj\scalfact.o
                                0x612 (size before relaxing)
 .debug_str     0x000016a3      0x14a ..\obj\bitstream.o
                                0x614 (size before relaxing)
 .debug_str     0x000017ed       0xd3 ..\obj\dequant.o
                                0x5f6 (size before relaxing)
 .debug_str     0x000018c0      0x13a ..\obj\hufftabs.o
                                0x2b5 (size before relaxing)
 .debug_str     0x000019fa      0x20d ..\obj\imdct.o
                                0x698 (size before relaxing)
 .debug_str     0x00001c07      0x14b ..\obj\usbh_hcs.o
                                0x91a (size before relaxing)
 .debug_str     0x00001d52      0x54c ..\obj\stm32f4xx_usart.o
                                0x726 (size before relaxing)
 .debug_str     0x0000229e      0xa70 ..\obj\usbh_stdreq.o
                               0x1363 (size before relaxing)
 .debug_str     0x00002d0e       0x58 ..\obj\mp3tabs.o
                                0x256 (size before relaxing)
 .debug_str     0x00002d66       0xcc ..\obj\subband.o
                                0x3e5 (size before relaxing)
 .debug_str     0x00002e32      0x327 ..\obj\mp3dec.o
                                0x6b0 (size before relaxing)
 .debug_str     0x00003159      0xcfd ..\obj\main.o
                               0x21d2 (size before relaxing)
 .debug_str     0x00003e56      0x57f ..\obj\stm32f4xx_rcc.o
                                0x8a7 (size before relaxing)
 .debug_str     0x000043d5      0x15d ..\obj\stm32f4xx_it.o
                                0x959 (size before relaxing)
 .debug_str     0x00004532      0x44d ..\obj\usbh_msc_core.o
                               0x162f (size before relaxing)
 .debug_str     0x0000497f      0x1a5 ..\obj\usbh_core.o
                               0x1434 (size before relaxing)
 .debug_str     0x00004b24      0x181 ..\obj\stm32f4xx_gpio.o
                                0x521 (size before relaxing)
 .debug_str     0x00004ca5      0x247 ..\obj\usbh_msc_scsi.o
                                0xca8 (size before relaxing)
 .debug_str     0x00004eec       0xbc ..\obj\system_stm32f4xx.o
                                0x3f5 (size before relaxing)
 .debug_str     0x00004fa8      0x4b8 ..\obj\syscalls.o
                                0x788 (size before relaxing)
 .debug_str     0x00005460      0x21e ..\obj\usbh_usr.o
                                0x9f9 (size before relaxing)
 .debug_str     0x0000567e       0x75 ..\obj\ccsbcs.o
                                0x206 (size before relaxing)
 .debug_str     0x000056f3      0x2bf ..\obj\usb_bsp.o
                               0x12b8 (size before relaxing)
 .debug_str     0x000059b2       0xb1 ..\obj\stproc.o
                                0x402 (size before relaxing)
 .debug_str     0x00005a63       0xc8 ..\obj\huffman.o
                                0x6ff (size before relaxing)
 .debug_str     0x00005b2b       0x72 ..\obj\trigtabs_fixpt.o
                                0x23e (size before relaxing)
 .debug_str     0x00005b9d       0x87 ..\obj\buffers.o
                                0x651 (size before relaxing)
 .debug_str     0x00005c24      0x392 ..\obj\ff.o
                                0x843 (size before relaxing)
 .debug_str     0x00005fb6       0x88 ..\obj\usb_hcd.o
                                0xa59 (size before relaxing)
 .debug_str     0x0000603e      0x101 ..\obj\usbh_msc_bot.o
                               0x1569 (size before relaxing)
 .debug_str     0x0000613f       0x61 ..\obj\usbh_msc_fatfs.o
                               0x1367 (size before relaxing)
 .debug_str     0x000061a0       0x57 ..\obj\dct32.o
                                0x1ea (size before relaxing)
 .debug_str     0x000061f7      0x1c7 ..\obj\stm32f4xx_exti.o
                                0x3b0 (size before relaxing)
 .debug_str     0x000063be       0x97 ..\obj\usbh_ioreq.o
                               0x127a (size before relaxing)
 .debug_str     0x00006455       0xd9 ..\obj\misc.o
                                0x425 (size before relaxing)
 .debug_str     0x0000652e      0x22e ..\obj\Audio.o
                                0xd71 (size before relaxing)
 .debug_str     0x0000675c       0xac ..\obj\polyphase.o
                                0x24e (size before relaxing)
 .debug_str     0x00006808       0x44 ..\obj\fattime.o
                                0x1d7 (size before relaxing)
 .debug_str     0x0000684c      0xa29 ..\obj\stm32f4xx_tim.o
                                0xe55 (size before relaxing)
 .debug_str     0x00007275      0x272 ..\obj\usb_hcd_int.o
                               0x1066 (size before relaxing)

.comment        0x00000000       0x70
 .comment       0x00000000       0x70 ..\obj\usb_core.o
                                 0x71 (size before relaxing)
 .comment       0x00000000       0x71 ..\obj\dqchan.o
 .comment       0x00000000       0x71 ..\obj\scalfact.o
 .comment       0x00000000       0x71 ..\obj\bitstream.o
 .comment       0x00000000       0x71 ..\obj\dequant.o
 .comment       0x00000000       0x71 ..\obj\hufftabs.o
 .comment       0x00000000       0x71 ..\obj\imdct.o
 .comment       0x00000000       0x71 ..\obj\usbh_hcs.o
 .comment       0x00000000       0x71 ..\obj\stm32f4xx_usart.o
 .comment       0x00000000       0x71 ..\obj\usbh_stdreq.o
 .comment       0x00000000       0x71 ..\obj\mp3tabs.o
 .comment       0x00000000       0x71 ..\obj\subband.o
 .comment       0x00000000       0x71 ..\obj\mp3dec.o
 .comment       0x00000000       0x71 ..\obj\main.o
 .comment       0x00000000       0x71 ..\obj\stm32f4xx_rcc.o
 .comment       0x00000000       0x71 ..\obj\stm32f4xx_it.o
 .comment       0x00000000       0x71 ..\obj\usbh_msc_core.o
 .comment       0x00000000       0x71 ..\obj\usbh_core.o
 .comment       0x00000000       0x71 ..\obj\stm32f4xx_gpio.o
 .comment       0x00000000       0x71 ..\obj\usbh_msc_scsi.o
 .comment       0x00000000       0x71 ..\obj\system_stm32f4xx.o